Archive member included because of file (symbol)

libmenu_pic.a(attributes.pico)
                              (--whole-archive)
libmenu_pic.a(post.pico)      (--whole-archive)
libmenu_pic.a(driver.pico)    (--whole-archive)
libmenu_pic.a(userptr.pico)   (--whole-archive)
libmenu_pic.a(item.pico)      (--whole-archive)
libmenu_pic.a(internals.pico)
                              (--whole-archive)
libmenu_pic.a(menu.pico)      (--whole-archive)

Discarded input sections

 .note.GNU-stack
                0x00000000        0x0 libmenu_pic.a(attributes.pico)
 .note.GNU-stack
                0x00000000        0x0 libmenu_pic.a(post.pico)
 .note.GNU-stack
                0x00000000        0x0 libmenu_pic.a(driver.pico)
 .note.GNU-stack
                0x00000000        0x0 libmenu_pic.a(userptr.pico)
 .note.GNU-stack
                0x00000000        0x0 libmenu_pic.a(item.pico)
 .note.GNU-stack
                0x00000000        0x0 libmenu_pic.a(internals.pico)
 .note.GNU-stack
                0x00000000        0x0 libmenu_pic.a(menu.pico)

Memory Configuration

Name             Origin             Length             Attributes
*default*        0x00000000         0xffffffff

Linker script and memory map

LOAD /usr/lib/crti.o
LOAD /usr/lib/crtbeginS.o
LOAD libmenu_pic.a
LOAD /usr/src/lib/libcurses/libcurses.so
LOAD /usr/lib/libc.so
LOAD /usr/lib/crtendS.o
LOAD /usr/lib/crtn.o
                0x000000f4                . = (0x0 + SIZEOF_HEADERS)

.note.gnu.build-id
 *(.note.gnu.build-id)

.hash           0x000000f4      0x324
 *(.hash)
 .hash          0x000000f4      0x324 /usr/lib/crti.o

.gnu.hash
 *(.gnu.hash)

.dynsym         0x00000418      0x660
 *(.dynsym)
 .dynsym        0x00000418      0x660 /usr/lib/crti.o

.dynstr         0x00000a78      0x3fc
 *(.dynstr)
 .dynstr        0x00000a78      0x3fc /usr/lib/crti.o

.gnu.version    0x00000e74        0x0
 *(.gnu.version)
 .gnu.version   0x00000000        0x0 /usr/lib/crti.o

.gnu.version_d  0x00000e74        0x0
 *(.gnu.version_d)
 .gnu.version_d
                0x00000000        0x0 /usr/lib/crti.o

.gnu.version_r  0x00000e74        0x0
 *(.gnu.version_r)
 .gnu.version_r
                0x00000000        0x0 /usr/lib/crti.o

.rel.dyn        0x00000e74       0x58
 *(.rel.init)
 *(.rel.text .rel.text.* .rel.gnu.linkonce.t.*)
 *(.rel.fini)
 *(.rel.rodata .rel.rodata.* .rel.gnu.linkonce.r.*)
 *(.rel.data.rel.ro .rel.data.rel.ro.* .rel.gnu.linkonce.d.rel.ro.*)
 *(.rel.data .rel.data.* .rel.gnu.linkonce.d.*)
 .rel.data.rel  0x00000e74        0x8 /usr/lib/crti.o
 *(.rel.tdata .rel.tdata.* .rel.gnu.linkonce.td.*)
 *(.rel.tbss .rel.tbss.* .rel.gnu.linkonce.tb.*)
 *(.rel.ctors)
 *(.rel.dtors)
 *(.rel.got)
 .rel.got       0x00000e7c       0x50 /usr/lib/crti.o
 *(.rel.bss .rel.bss.* .rel.gnu.linkonce.b.*)
 *(.rel.ifunc)
 .rel.ifunc     0x00000000        0x0 /usr/lib/crti.o

.rel.plt        0x00000ecc      0x100
 *(.rel.plt)
 .rel.plt       0x00000ecc      0x100 /usr/lib/crti.o
 *(.rel.iplt)

.init           0x00000fd0        0xa
 *(SORT(.init))
 .init          0x00000fd0        0x3 /usr/lib/crti.o
                0x00000fd0                _init
 .init          0x00000fd3        0x5 /usr/lib/crtbeginS.o
 .init          0x00000fd8        0x2 /usr/lib/crtn.o

.plt            0x00000fe0      0x210
 *(.plt)
 .plt           0x00000fe0      0x210 /usr/lib/crti.o
 *(.iplt)

.text           0x000011f0     0x2910
                0x000011f0                PROVIDE (__eprol, .)
 *(.text.unlikely .text.*_unlikely)
 *(.text.exit .text.exit.*)
 *(.text.startup .text.startup.*)
 *(.text.hot .text.hot.*)
 *(.text .stub .text.* .gnu.linkonce.t.*)
 .text          0x000011f0        0x0 /usr/lib/crti.o
 .text          0x000011f0       0xef /usr/lib/crtbeginS.o
 *fill*         0x000012df        0x1 
 .text          0x000012e0      0x173 libmenu_pic.a(attributes.pico)
                0x000012e0                set_menu_fore
                0x00001310                menu_fore
                0x00001340                set_menu_back
                0x00001370                menu_back
                0x000013a0                set_menu_grey
                0x000013d0                menu_grey
                0x00001400                set_menu_pad
                0x00001430                menu_pad
 *fill*         0x00001453        0xd 
 .text          0x00001460      0x178 libmenu_pic.a(post.pico)
                0x00001460                post_menu
                0x00001560                unpost_menu
 *fill*         0x000015d8        0x8 
 .text          0x000015e0      0x426 libmenu_pic.a(driver.pico)
                0x000015e0                menu_driver
 *fill*         0x00001a06        0xa 
 .text          0x00001a10       0xb6 libmenu_pic.a(userptr.pico)
                0x00001a10                set_item_userptr
                0x00001a40                item_userptr
                0x00001a70                menu_userptr
                0x00001aa0                set_menu_userptr
 *fill*         0x00001ac6        0xa 
 .text          0x00001ad0      0x50b libmenu_pic.a(item.pico)
                0x00001ad0                item_visible
                0x00001af0                item_name
                0x00001b00                item_description
                0x00001b20                set_item_init
                0x00001b50                item_init
                0x00001b80                set_item_term
                0x00001bb0                item_term
                0x00001be0                item_selected
                0x00001ca0                set_item_opts
                0x00001ce0                item_opts_on
                0x00001d10                item_opts_off
                0x00001d40                item_opts
                0x00001d70                set_item_value
                0x00001dd0                item_value
                0x00001e00                new_item
                0x00001ed0                free_item
                0x00001f30                set_current_item
                0x00001f90                item_index
                0x00001fc0                current_item
 *fill*         0x00001fdb        0x5 
 .text          0x00001fe0      0xef3 libmenu_pic.a(internals.pico)
                0x00001fe0                _menui_stitch_items
                0x00002510                _menui_max_item_size
                0x00002580                _menui_goto_item
                0x000026b0                _menui_match_items
                0x000027e0                _menui_match_pattern
                0x000028d0                _menui_draw_item
                0x00002c50                _menui_draw_menu
 *fill*         0x00002ed3        0xd 
 .text          0x00002ee0      0xc1f libmenu_pic.a(menu.pico)
                0x00002ee0                set_menu_mark
                0x00002f60                menu_mark
                0x00002f90                set_menu_unmark
                0x00003010                menu_unmark
                0x00003040                set_menu_win
                0x00003090                menu_win
                0x000030c0                set_menu_sub
                0x00003110                menu_sub
                0x00003140                set_menu_format
                0x00003190                menu_format
                0x000031c0                set_menu_init
                0x000031f0                menu_init
                0x00003220                set_menu_term
                0x00003250                menu_term
                0x00003280                menu_opts
                0x000032b0                set_menu_opts
                0x00003370                menu_opts_on
                0x00003430                menu_opts_off
                0x00003480                menu_pattern
                0x000034b0                set_menu_pattern
                0x00003560                new_menu
                0x00003690                set_menu_items
                0x00003800                free_menu
                0x00003890                scale_menu
                0x000038f0                menu_items
                0x00003920                item_count
                0x00003950                set_top_row
                0x00003a60                top_row
                0x00003a90                pos_menu_cursor
 *fill*         0x00003aff        0x1 
 .text          0x00003b00        0x0 /usr/lib/crtendS.o
 .text          0x00003b00        0x0 /usr/lib/crtn.o
 *(.gnu.warning)

.fini           0x00003b00        0xa
 *(SORT(.fini))
 .fini          0x00003b00        0x3 /usr/lib/crti.o
                0x00003b00                _fini
 .fini          0x00003b03        0x5 /usr/lib/crtbeginS.o
 .fini          0x00003b08        0x2 /usr/lib/crtn.o
                0x00003b0a                PROVIDE (__etext, .)
                0x00003b0a                PROVIDE (_etext, .)
                0x00003b0a                PROVIDE (etext, .)

.rodata         0x00003b0c       0x44
 *(.rodata .rodata.* .gnu.linkonce.r.*)
 .rodata        0x00003b0c       0x44 libmenu_pic.a(driver.pico)

.rodata1
 *(.rodata1)

.eh_frame_hdr   0x00003b50      0x244
 *(.eh_frame_hdr)
 .eh_frame_hdr  0x00003b50      0x244 libmenu_pic.a(attributes.pico)

.eh_frame       0x00003d94      0x848
 *(.eh_frame)
 .eh_frame      0x00003d94       0x3c /usr/lib/crti.o
                                 0x40 (size before relaxing)
 .eh_frame      0x00003dd0        0x0 /usr/lib/crtbeginS.o
 .eh_frame      0x00003dd0       0xe0 libmenu_pic.a(attributes.pico)
                                 0xf8 (size before relaxing)
 .eh_frame      0x00003eb0       0x40 libmenu_pic.a(post.pico)
                                 0x58 (size before relaxing)
 .eh_frame      0x00003ef0       0x20 libmenu_pic.a(driver.pico)
                                 0x38 (size before relaxing)
 .eh_frame      0x00003f10       0x70 libmenu_pic.a(userptr.pico)
                                 0x88 (size before relaxing)
 .eh_frame      0x00003f80      0x220 libmenu_pic.a(item.pico)
                                0x238 (size before relaxing)
 .eh_frame      0x000041a0       0xe0 libmenu_pic.a(internals.pico)
                                 0xf8 (size before relaxing)
 .eh_frame      0x00004280      0x358 libmenu_pic.a(menu.pico)
                                0x370 (size before relaxing)
 .eh_frame      0x000045d8        0x4 /usr/lib/crtendS.o

.note.minix.ident
                0x000045dc       0x18
 .note.minix.ident
                0x000045dc       0x18 /usr/lib/crti.o

.note.netbsd.pax
                0x000045f4       0x14
 .note.netbsd.pax
                0x000045f4       0x14 /usr/lib/crti.o

.gcc_except_table
 *(.gcc_except_table .gcc_except_table.*)

.exception_ranges
 *(.exception_ranges .exception_ranges*)
                0x00004608                . = (ALIGN (0x1000) - ((0x1000 - .) & 0xfff))
                0x00005608                . = DATA_SEGMENT_ALIGN (0x1000, 0x1000)

.eh_frame
 *(.eh_frame)

.gcc_except_table
 *(.gcc_except_table .gcc_except_table.*)

.exception_ranges
 *(.exception_ranges .exception_ranges*)

.tdata
 *(.tdata .tdata.* .gnu.linkonce.td.*)

.tbss
 *(.tbss .tbss.* .gnu.linkonce.tb.*)
 *(.tcommon)

.preinit_array
 *(.preinit_array)

.init_array
 *(SORT(.init_array.*))
 *(.init_array)

.fini_array
 *(SORT(.fini_array.*))
 *(.fini_array)

.ctors          0x00005608        0x8
 *crtbegin.o(.ctors)
 *crtbegin?.o(.ctors)
 .ctors         0x00005608        0x4 /usr/lib/crtbeginS.o
 *(EXCLUDE_FILE(*crtend?.o *crtend.o) .ctors)
 *(SORT(.ctors.*))
 *(.ctors)
 .ctors         0x0000560c        0x4 /usr/lib/crtendS.o
                0x0000560c                __CTOR_LIST_END__

.dtors          0x00005610        0x8
 *crtbegin.o(.dtors)
 *crtbegin?.o(.dtors)
 .dtors         0x00005610        0x4 /usr/lib/crtbeginS.o
 *(EXCLUDE_FILE(*crtend?.o *crtend.o) .dtors)
 *(SORT(.dtors.*))
 *(.dtors)
 .dtors         0x00005614        0x4 /usr/lib/crtendS.o

.jcr            0x00005618        0x4
 *(.jcr)
 .jcr           0x00005618        0x0 /usr/lib/crtbeginS.o
 .jcr           0x00005618        0x4 /usr/lib/crtendS.o

.data.rel.ro
 *(.data.rel.ro.local* .gnu.linkonce.d.rel.ro.local.*)
 *(.data.rel.ro .data.rel.ro.* .gnu.linkonce.d.rel.ro.*)

.dynamic        0x0000561c       0xb8
 *(.dynamic)
 .dynamic       0x0000561c       0xb8 /usr/lib/crti.o
                0x0000561c                _DYNAMIC

.got            0x000056d4       0x28
 *(.got)
 .got           0x000056d4       0x28 /usr/lib/crti.o
 *(.igot)
                0x000056fc                . = DATA_SEGMENT_RELRO_END (., (SIZEOF (.got.plt) >= 0xc)?0xc:0x0)

.got.plt        0x000056fc       0x8c
 *(.got.plt)
 .got.plt       0x000056fc       0x8c /usr/lib/crti.o
                0x000056fc                _GLOBAL_OFFSET_TABLE_
 *(.igot.plt)

.data           0x00005788       0xf0
 *(.data .data.* .gnu.linkonce.d.*)
 .data          0x00005788        0x0 /usr/lib/crti.o
 .data          0x00005788        0x0 /usr/lib/crtbeginS.o
 .data.rel      0x00005788       0x26 /usr/lib/crtbeginS.o
                0x00005788                __dso_handle
 *fill*         0x000057ae        0x2 
 .data          0x000057b0        0x0 libmenu_pic.a(attributes.pico)
 .data          0x000057b0        0x0 libmenu_pic.a(post.pico)
 .data          0x000057b0        0x0 libmenu_pic.a(driver.pico)
 .data          0x000057b0        0x0 libmenu_pic.a(userptr.pico)
 .data          0x000057b0       0x40 libmenu_pic.a(item.pico)
                0x000057b0                _menui_default_item
 .data          0x000057f0        0x0 libmenu_pic.a(internals.pico)
 .data          0x000057f0       0x88 libmenu_pic.a(menu.pico)
                0x000057f0                _menui_default_menu
 .data          0x00005878        0x0 /usr/lib/crtendS.o
 .data          0x00005878        0x0 /usr/lib/crtn.o

.data1
 *(.data1)
                0x00005878                _edata = .
                0x00005878                PROVIDE (edata, .)
                0x00005878                . = .
                0x00005878                __bss_start = .

.bss            0x00005878        0x0
 *(.dynbss)
 .dynbss        0x00000000        0x0 /usr/lib/crti.o
 *(.bss .bss.* .gnu.linkonce.b.*)
 .bss           0x00005878        0x0 /usr/lib/crti.o
 .bss           0x00005878        0x0 /usr/lib/crtbeginS.o
 .bss           0x00005878        0x0 libmenu_pic.a(attributes.pico)
 .bss           0x00005878        0x0 libmenu_pic.a(post.pico)
 .bss           0x00005878        0x0 libmenu_pic.a(driver.pico)
 .bss           0x00005878        0x0 libmenu_pic.a(userptr.pico)
 .bss           0x00005878        0x0 libmenu_pic.a(item.pico)
 .bss           0x00005878        0x0 libmenu_pic.a(internals.pico)
 .bss           0x00005878        0x0 libmenu_pic.a(menu.pico)
 .bss           0x00005878        0x0 /usr/lib/crtendS.o
 .bss           0x00005878        0x0 /usr/lib/crtn.o
 *(COMMON)
                0x00005878                . = ALIGN ((. != 0x0)?0x4:0x1)
                0x00005878                . = ALIGN (0x4)
                0x00005878                . = ALIGN (0x4)
                0x00005878                _end = .
                0x00005878                PROVIDE (end, .)
                0x00005878                . = DATA_SEGMENT_END (.)

.stab
 *(.stab)

.stabstr
 *(.stabstr)

.stab.excl
 *(.stab.excl)

.stab.exclstr
 *(.stab.exclstr)

.stab.index
 *(.stab.index)

.stab.indexstr
 *(.stab.indexstr)

.comment        0x00000000       0x28
 *(.comment)
 .comment       0x00000000       0x28 libmenu_pic.a(attributes.pico)
                                 0x29 (size before relaxing)
 .comment       0x00000000       0x29 libmenu_pic.a(post.pico)
 .comment       0x00000000       0x29 libmenu_pic.a(driver.pico)
 .comment       0x00000000       0x29 libmenu_pic.a(userptr.pico)
 .comment       0x00000000       0x29 libmenu_pic.a(item.pico)
 .comment       0x00000000       0x29 libmenu_pic.a(internals.pico)
 .comment       0x00000000       0x29 libmenu_pic.a(menu.pico)

.ident          0x00000000      0x26e
 .ident         0x00000000       0x36 /usr/lib/crti.o
 .ident         0x00000036       0x3a /usr/lib/crtbeginS.o
 .ident         0x00000070       0x3c libmenu_pic.a(attributes.pico)
 .ident         0x000000ac       0x37 libmenu_pic.a(post.pico)
 .ident         0x000000e3       0x38 libmenu_pic.a(driver.pico)
 .ident         0x0000011b       0x39 libmenu_pic.a(userptr.pico)
 .ident         0x00000154       0x36 libmenu_pic.a(item.pico)
 .ident         0x0000018a       0x3f libmenu_pic.a(internals.pico)
 .ident         0x000001c9       0x37 libmenu_pic.a(menu.pico)
 .ident         0x00000200       0x38 /usr/lib/crtendS.o
 .ident         0x00000238       0x36 /usr/lib/crtn.o

.debug
 *(.debug)

.line
 *(.line)

.debug_srcinfo
 *(.debug_srcinfo)

.debug_sfnames
 *(.debug_sfnames)

.debug_aranges
 *(.debug_aranges)

.debug_pubnames
 *(.debug_pubnames)

.debug_info
 *(.debug_info .gnu.linkonce.wi.*)

.debug_abbrev
 *(.debug_abbrev)

.debug_line
 *(.debug_line)

.debug_frame
 *(.debug_frame)

.debug_str
 *(.debug_str)

.debug_loc
 *(.debug_loc)

.debug_macinfo
 *(.debug_macinfo)

.debug_weaknames
 *(.debug_weaknames)

.debug_funcnames
 *(.debug_funcnames)

.debug_typenames
 *(.debug_typenames)

.debug_varnames
 *(.debug_varnames)

.debug_pubtypes
 *(.debug_pubtypes)

.debug_ranges
 *(.debug_ranges)

.debug_macro
 *(.debug_macro)

.gnu.attributes
 *(.gnu.attributes)

/DISCARD/
 *(.note.GNU-stack)
 *(.gnu_debuglink)
 *(.gnu.lto_*)
OUTPUT(libmenu.so.6.0 elf32-i386-minix)
