Archive member included because of file (symbol)

librefuse_pic.a(refuse.pico)  (--whole-archive)
librefuse_pic.a(refuse_opt.pico)
                              (--whole-archive)

Discarded input sections

 .note.GNU-stack
                0x00000000        0x0 librefuse_pic.a(refuse.pico)
 .note.GNU-stack
                0x00000000        0x0 librefuse_pic.a(refuse_opt.pico)

Memory Configuration

Name             Origin             Length             Attributes
*default*        0x00000000         0xffffffff

Linker script and memory map

LOAD /usr/lib/crti.o
LOAD /usr/lib/crtbeginS.o
LOAD librefuse_pic.a
LOAD /usr/src/lib/libpuffs/libpuffs.so
LOAD /usr/lib/libc.so
LOAD /usr/lib/crtendS.o
LOAD /usr/lib/crtn.o
                0x000000f4                . = (0x0 + SIZEOF_HEADERS)

.note.gnu.build-id
 *(.note.gnu.build-id)

.hash           0x000000f4      0x260
 *(.hash)
 .hash          0x000000f4      0x260 /usr/lib/crti.o

.gnu.hash
 *(.gnu.hash)

.dynsym         0x00000354      0x530
 *(.dynsym)
 .dynsym        0x00000354      0x530 /usr/lib/crti.o

.dynstr         0x00000884      0x45c
 *(.dynstr)
 .dynstr        0x00000884      0x45c /usr/lib/crti.o

.gnu.version    0x00000ce0        0x0
 *(.gnu.version)
 .gnu.version   0x00000000        0x0 /usr/lib/crti.o

.gnu.version_d  0x00000ce0        0x0
 *(.gnu.version_d)
 .gnu.version_d
                0x00000000        0x0 /usr/lib/crti.o

.gnu.version_r  0x00000ce0        0x0
 *(.gnu.version_r)
 .gnu.version_r
                0x00000000        0x0 /usr/lib/crti.o

.rel.dyn        0x00000ce0       0x48
 *(.rel.init)
 *(.rel.text .rel.text.* .rel.gnu.linkonce.t.*)
 *(.rel.fini)
 *(.rel.rodata .rel.rodata.* .rel.gnu.linkonce.r.*)
 *(.rel.data.rel.ro .rel.data.rel.ro.* .rel.gnu.linkonce.d.rel.ro.*)
 *(.rel.data .rel.data.* .rel.gnu.linkonce.d.*)
 .rel.data.rel  0x00000ce0        0x8 /usr/lib/crti.o
 *(.rel.tdata .rel.tdata.* .rel.gnu.linkonce.td.*)
 *(.rel.tbss .rel.tbss.* .rel.gnu.linkonce.tb.*)
 *(.rel.ctors)
 *(.rel.dtors)
 *(.rel.got)
 .rel.got       0x00000ce8       0x40 /usr/lib/crti.o
 *(.rel.bss .rel.bss.* .rel.gnu.linkonce.b.*)
 *(.rel.ifunc)
 .rel.ifunc     0x00000000        0x0 /usr/lib/crti.o

.rel.plt        0x00000d28      0x1d8
 *(.rel.plt)
 .rel.plt       0x00000d28      0x1d8 /usr/lib/crti.o
 *(.rel.iplt)

.init           0x00000f00        0xa
 *(SORT(.init))
 .init          0x00000f00        0x3 /usr/lib/crti.o
                0x00000f00                _init
 .init          0x00000f03        0x5 /usr/lib/crtbeginS.o
 .init          0x00000f08        0x2 /usr/lib/crtn.o

.plt            0x00000f10      0x3c0
 *(.plt)
 .plt           0x00000f10      0x3c0 /usr/lib/crti.o
 *(.iplt)

.text           0x000012d0     0x2584
                0x000012d0                PROVIDE (__eprol, .)
 *(.text.unlikely .text.*_unlikely)
 *(.text.exit .text.exit.*)
 *(.text.startup .text.startup.*)
 *(.text.hot .text.hot.*)
 *(.text .stub .text.* .gnu.linkonce.t.*)
 .text          0x000012d0        0x0 /usr/lib/crti.o
 .text          0x000012d0       0xef /usr/lib/crtbeginS.o
 *fill*         0x000013bf        0x1 
 .text          0x000013c0     0x1ef2 librefuse_pic.a(refuse.pico)
                0x000013c0                fuse_get_context
                0x000013e0                fuse_setup
                0x00001530                fuse_setup26
                0x00001590                fuse_main_real
                0x000015f0                fuse_loop
                0x00001620                fuse_mount
                0x00001780                fuse_new
                0x00002bd0                fuse_destroy
                0x00002bf0                fuse_exit
                0x00002c40                fuse_unmount
                0x00002c80                fuse_unmount_compat22
                0x00002c90                fuse_teardown
 *fill*         0x000032b2        0xe 
 .text          0x000032c0      0x591 librefuse_pic.a(refuse_opt.pico)
                0x000032c0                fuse_opt_add_arg
                0x000033a0                fuse_opt_deep_copy_args
                0x00003460                fuse_opt_free_args
                0x000034c0                fuse_opt_insert_arg
                0x000035a0                fuse_opt_add_opt
                0x000035b0                fuse_opt_match
                0x00003600                fuse_opt_parse
 *fill*         0x00003851        0x3 
 .text          0x00003854        0x0 /usr/lib/crtendS.o
 .text          0x00003854        0x0 /usr/lib/crtn.o
 *(.gnu.warning)

.fini           0x00003860        0xa
 *(SORT(.fini))
 .fini          0x00003860        0x3 /usr/lib/crti.o
                0x00003860                _fini
 .fini          0x00003863        0x5 /usr/lib/crtbeginS.o
 .fini          0x00003868        0x2 /usr/lib/crtn.o
                0x0000386a                PROVIDE (__etext, .)
                0x0000386a                PROVIDE (_etext, .)
                0x0000386a                PROVIDE (etext, .)

.rodata         0x0000386a      0x10e
 *(.rodata .rodata.* .gnu.linkonce.r.*)
 .rodata.str1.1
                0x0000386a       0x8f librefuse_pic.a(refuse.pico)
 .rodata.str1.1
                0x000038f9       0x7f librefuse_pic.a(refuse_opt.pico)

.rodata1
 *(.rodata1)

.eh_frame_hdr   0x00003978      0x19c
 *(.eh_frame_hdr)
 .eh_frame_hdr  0x00003978      0x19c librefuse_pic.a(refuse.pico)

.eh_frame       0x00003b14      0x644
 *(.eh_frame)
 .eh_frame      0x00003b14       0x3c /usr/lib/crti.o
                                 0x40 (size before relaxing)
 .eh_frame      0x00003b50        0x0 /usr/lib/crtbeginS.o
 .eh_frame      0x00003b50      0x508 librefuse_pic.a(refuse.pico)
                                0x520 (size before relaxing)
 .eh_frame      0x00004058       0xfc librefuse_pic.a(refuse_opt.pico)
                                0x114 (size before relaxing)
 .eh_frame      0x00004154        0x4 /usr/lib/crtendS.o

.note.minix.ident
                0x00004158       0x18
 .note.minix.ident
                0x00004158       0x18 /usr/lib/crti.o

.note.netbsd.pax
                0x00004170       0x14
 .note.netbsd.pax
                0x00004170       0x14 /usr/lib/crti.o

.gcc_except_table
 *(.gcc_except_table .gcc_except_table.*)

.exception_ranges
 *(.exception_ranges .exception_ranges*)
                0x00004184                . = (ALIGN (0x1000) - ((0x1000 - .) & 0xfff))
                0x00005184                . = DATA_SEGMENT_ALIGN (0x1000, 0x1000)

.eh_frame
 *(.eh_frame)

.gcc_except_table
 *(.gcc_except_table .gcc_except_table.*)

.exception_ranges
 *(.exception_ranges .exception_ranges*)

.tdata
 *(.tdata .tdata.* .gnu.linkonce.td.*)

.tbss
 *(.tbss .tbss.* .gnu.linkonce.tb.*)
 *(.tcommon)

.preinit_array
 *(.preinit_array)

.init_array
 *(SORT(.init_array.*))
 *(.init_array)

.fini_array
 *(SORT(.fini_array.*))
 *(.fini_array)

.ctors          0x00005184        0x8
 *crtbegin.o(.ctors)
 *crtbegin?.o(.ctors)
 .ctors         0x00005184        0x4 /usr/lib/crtbeginS.o
 *(EXCLUDE_FILE(*crtend?.o *crtend.o) .ctors)
 *(SORT(.ctors.*))
 *(.ctors)
 .ctors         0x00005188        0x4 /usr/lib/crtendS.o
                0x00005188                __CTOR_LIST_END__

.dtors          0x0000518c        0x8
 *crtbegin.o(.dtors)
 *crtbegin?.o(.dtors)
 .dtors         0x0000518c        0x4 /usr/lib/crtbeginS.o
 *(EXCLUDE_FILE(*crtend?.o *crtend.o) .dtors)
 *(SORT(.dtors.*))
 *(.dtors)
 .dtors         0x00005190        0x4 /usr/lib/crtendS.o

.jcr            0x00005194        0x4
 *(.jcr)
 .jcr           0x00005194        0x0 /usr/lib/crtbeginS.o
 .jcr           0x00005194        0x4 /usr/lib/crtendS.o

.data.rel.ro
 *(.data.rel.ro.local* .gnu.linkonce.d.rel.ro.local.*)
 *(.data.rel.ro .data.rel.ro.* .gnu.linkonce.d.rel.ro.*)

.dynamic        0x00005198       0xb8
 *(.dynamic)
 .dynamic       0x00005198       0xb8 /usr/lib/crti.o
                0x00005198                _DYNAMIC

.got            0x00005250       0x20
 *(.got)
 .got           0x00005250       0x20 /usr/lib/crti.o
 *(.igot)
                0x00005270                . = DATA_SEGMENT_RELRO_END (., (SIZEOF (.got.plt) >= 0xc)?0xc:0x0)

.got.plt        0x00005270       0xf8
 *(.got.plt)
 .got.plt       0x00005270       0xf8 /usr/lib/crti.o
                0x00005270                _GLOBAL_OFFSET_TABLE_
 *(.igot.plt)

.data           0x00005368       0x30
 *(.data .data.* .gnu.linkonce.d.*)
 .data          0x00005368        0x0 /usr/lib/crti.o
 .data          0x00005368        0x0 /usr/lib/crtbeginS.o
 .data.rel      0x00005368       0x26 /usr/lib/crtbeginS.o
                0x00005368                __dso_handle
 *fill*         0x0000538e        0x2 
 .data          0x00005390        0x8 librefuse_pic.a(refuse.pico)
 .data          0x00005398        0x0 librefuse_pic.a(refuse_opt.pico)
 .data          0x00005398        0x0 /usr/lib/crtendS.o
 .data          0x00005398        0x0 /usr/lib/crtn.o

.data1
 *(.data1)
                0x00005398                _edata = .
                0x00005398                PROVIDE (edata, .)
                0x00005398                . = .
                0x00005398                __bss_start = .

.bss            0x00005398       0x14
 *(.dynbss)
 .dynbss        0x00000000        0x0 /usr/lib/crti.o
 *(.bss .bss.* .gnu.linkonce.b.*)
 .bss           0x00005398        0x0 /usr/lib/crti.o
 .bss           0x00005398        0x0 /usr/lib/crtbeginS.o
 .bss           0x00005398       0x14 librefuse_pic.a(refuse.pico)
 .bss           0x000053ac        0x0 librefuse_pic.a(refuse_opt.pico)
 .bss           0x000053ac        0x0 /usr/lib/crtendS.o
 .bss           0x000053ac        0x0 /usr/lib/crtn.o
 *(COMMON)
                0x000053ac                . = ALIGN ((. != 0x0)?0x4:0x1)
                0x000053ac                . = ALIGN (0x4)
                0x000053ac                . = ALIGN (0x4)
                0x000053ac                _end = .
                0x000053ac                PROVIDE (end, .)
                0x000053ac                . = DATA_SEGMENT_END (.)

.stab
 *(.stab)

.stabstr
 *(.stabstr)

.stab.excl
 *(.stab.excl)

.stab.exclstr
 *(.stab.exclstr)

.stab.index
 *(.stab.index)

.stab.indexstr
 *(.stab.indexstr)

.comment        0x00000000       0x28
 *(.comment)
 .comment       0x00000000       0x28 librefuse_pic.a(refuse.pico)
                                 0x29 (size before relaxing)
 .comment       0x00000000       0x29 librefuse_pic.a(refuse_opt.pico)

.ident          0x00000000      0x116
 .ident         0x00000000       0x36 /usr/lib/crti.o
 .ident         0x00000036       0x3a /usr/lib/crtbeginS.o
 .ident         0x00000070       0x38 librefuse_pic.a(refuse.pico)
 .ident         0x000000a8       0x38 /usr/lib/crtendS.o
 .ident         0x000000e0       0x36 /usr/lib/crtn.o

.debug
 *(.debug)

.line
 *(.line)

.debug_srcinfo
 *(.debug_srcinfo)

.debug_sfnames
 *(.debug_sfnames)

.debug_aranges
 *(.debug_aranges)

.debug_pubnames
 *(.debug_pubnames)

.debug_info
 *(.debug_info .gnu.linkonce.wi.*)

.debug_abbrev
 *(.debug_abbrev)

.debug_line
 *(.debug_line)

.debug_frame
 *(.debug_frame)

.debug_str
 *(.debug_str)

.debug_loc
 *(.debug_loc)

.debug_macinfo
 *(.debug_macinfo)

.debug_weaknames
 *(.debug_weaknames)

.debug_funcnames
 *(.debug_funcnames)

.debug_typenames
 *(.debug_typenames)

.debug_varnames
 *(.debug_varnames)

.debug_pubtypes
 *(.debug_pubtypes)

.debug_ranges
 *(.debug_ranges)

.debug_macro
 *(.debug_macro)

.gnu.attributes
 *(.gnu.attributes)

/DISCARD/
 *(.note.GNU-stack)
 *(.gnu_debuglink)
 *(.gnu.lto_*)
OUTPUT(librefuse.so.2.0 elf32-i386-minix)
