Archive member included because of file (symbol)

libexecinfo_pic.a(unwind.pico)
                              (--whole-archive)
libexecinfo_pic.a(backtrace.pico)
                              (--whole-archive)
libexecinfo_pic.a(symtab.pico)
                              (--whole-archive)

Discarded input sections

 .note.GNU-stack
                0x00000000        0x0 libexecinfo_pic.a(unwind.pico)
 .note.GNU-stack
                0x00000000        0x0 libexecinfo_pic.a(backtrace.pico)
 .note.GNU-stack
                0x00000000        0x0 libexecinfo_pic.a(symtab.pico)

Memory Configuration

Name             Origin             Length             Attributes
*default*        0x00000000         0xffffffff

Linker script and memory map

LOAD /usr/lib/crti.o
LOAD /usr/lib/crtbeginS.o
LOAD libexecinfo_pic.a
LOAD /usr/src/external/bsd/libelf/lib/libelf.so
LOAD /usr/lib/libc.so
LOAD /usr/lib/crtendS.o
LOAD /usr/lib/crtn.o
                0x000000f4                . = (0x0 + SIZEOF_HEADERS)

.note.gnu.build-id
 *(.note.gnu.build-id)

.hash           0x000000f4      0x14c
 *(.hash)
 .hash          0x000000f4      0x14c /usr/lib/crti.o

.gnu.hash
 *(.gnu.hash)

.dynsym         0x00000240      0x2c0
 *(.dynsym)
 .dynsym        0x00000240      0x2c0 /usr/lib/crti.o

.dynstr         0x00000500      0x216
 *(.dynstr)
 .dynstr        0x00000500      0x216 /usr/lib/crti.o

.gnu.version    0x00000716        0x0
 *(.gnu.version)
 .gnu.version   0x00000000        0x0 /usr/lib/crti.o

.gnu.version_d  0x00000718        0x0
 *(.gnu.version_d)
 .gnu.version_d
                0x00000000        0x0 /usr/lib/crti.o

.gnu.version_r  0x00000718        0x0
 *(.gnu.version_r)
 .gnu.version_r
                0x00000000        0x0 /usr/lib/crti.o

.rel.dyn        0x00000718       0x30
 *(.rel.init)
 *(.rel.text .rel.text.* .rel.gnu.linkonce.t.*)
 *(.rel.fini)
 *(.rel.rodata .rel.rodata.* .rel.gnu.linkonce.r.*)
 *(.rel.data.rel.ro .rel.data.rel.ro.* .rel.gnu.linkonce.d.rel.ro.*)
 *(.rel.data .rel.data.* .rel.gnu.linkonce.d.*)
 .rel.data.rel  0x00000718        0x8 /usr/lib/crti.o
 *(.rel.tdata .rel.tdata.* .rel.gnu.linkonce.td.*)
 *(.rel.tbss .rel.tbss.* .rel.gnu.linkonce.tb.*)
 *(.rel.ctors)
 *(.rel.dtors)
 *(.rel.got)
 .rel.got       0x00000720       0x28 /usr/lib/crti.o
 *(.rel.bss .rel.bss.* .rel.gnu.linkonce.b.*)
 *(.rel.ifunc)
 .rel.ifunc     0x00000000        0x0 /usr/lib/crti.o

.rel.plt        0x00000748      0x110
 *(.rel.plt)
 .rel.plt       0x00000748      0x110 /usr/lib/crti.o
 *(.rel.iplt)

.init           0x00000860        0xa
 *(SORT(.init))
 .init          0x00000860        0x3 /usr/lib/crti.o
                0x00000860                _init
 .init          0x00000863        0x5 /usr/lib/crtbeginS.o
 .init          0x00000868        0x2 /usr/lib/crtn.o

.plt            0x00000870      0x230
 *(.plt)
 .plt           0x00000870      0x230 /usr/lib/crti.o
 *(.iplt)

.text           0x00000aa0      0xad0
                0x00000aa0                PROVIDE (__eprol, .)
 *(.text.unlikely .text.*_unlikely)
 *(.text.exit .text.exit.*)
 *(.text.startup .text.startup.*)
 *(.text.hot .text.hot.*)
 *(.text .stub .text.* .gnu.linkonce.t.*)
 .text          0x00000aa0        0x0 /usr/lib/crti.o
 .text          0x00000aa0       0xef /usr/lib/crtbeginS.o
 *fill*         0x00000b8f        0x1 
 .text          0x00000b90       0xbd libexecinfo_pic.a(unwind.pico)
                0x00000b90                backtrace
 *fill*         0x00000c4d        0x3 
 .text          0x00000c50      0x522 libexecinfo_pic.a(backtrace.pico)
                0x00000c50                backtrace_symbols_fmt
                0x00000f40                backtrace_symbols_fd_fmt
                0x00000fd0                backtrace_symbols
                0x00001010                backtrace_symbols_fd
 *fill*         0x00001172        0xe 
 .text          0x00001180      0x3ed libexecinfo_pic.a(symtab.pico)
                0x00001180                symtab_destroy
                0x000011f0                symtab_create
                0x000014f0                symtab_find
 *fill*         0x0000156d        0x3 
 .text          0x00001570        0x0 /usr/lib/crtendS.o
 .text          0x00001570        0x0 /usr/lib/crtn.o
 *(.gnu.warning)

.fini           0x00001570        0xa
 *(SORT(.fini))
 .fini          0x00001570        0x3 /usr/lib/crti.o
                0x00001570                _fini
 .fini          0x00001573        0x5 /usr/lib/crtbeginS.o
 .fini          0x00001578        0x2 /usr/lib/crtn.o
                0x0000157a                PROVIDE (__etext, .)
                0x0000157a                PROVIDE (_etext, .)
                0x0000157a                PROVIDE (etext, .)

.rodata         0x0000157a      0x100
 *(.rodata .rodata.* .gnu.linkonce.r.*)
 .rodata.str1.1
                0x0000157a       0x57 libexecinfo_pic.a(backtrace.pico)
                                 0x60 (size before relaxing)
 .rodata        0x000015d1       0x10 libexecinfo_pic.a(backtrace.pico)
 .rodata.str1.1
                0x000015e1       0x99 libexecinfo_pic.a(symtab.pico)

.rodata1
 *(.rodata1)

.eh_frame_hdr   0x0000167c       0x6c
 *(.eh_frame_hdr)
 .eh_frame_hdr  0x0000167c       0x6c libexecinfo_pic.a(unwind.pico)

.eh_frame       0x000016e8      0x194
 *(.eh_frame)
 .eh_frame      0x000016e8       0x3c /usr/lib/crti.o
                                 0x40 (size before relaxing)
 .eh_frame      0x00001724        0x0 /usr/lib/crtbeginS.o
 .eh_frame      0x00001724       0x3c libexecinfo_pic.a(unwind.pico)
                                 0x54 (size before relaxing)
 .eh_frame      0x00001760       0x9c libexecinfo_pic.a(backtrace.pico)
                                 0xb4 (size before relaxing)
 .eh_frame      0x000017fc       0x7c libexecinfo_pic.a(symtab.pico)
                                 0x94 (size before relaxing)
 .eh_frame      0x00001878        0x4 /usr/lib/crtendS.o

.note.minix.ident
                0x0000187c       0x18
 .note.minix.ident
                0x0000187c       0x18 /usr/lib/crti.o

.note.netbsd.pax
                0x00001894       0x14
 .note.netbsd.pax
                0x00001894       0x14 /usr/lib/crti.o

.gcc_except_table
 *(.gcc_except_table .gcc_except_table.*)

.exception_ranges
 *(.exception_ranges .exception_ranges*)
                0x000018a8                . = (ALIGN (0x1000) - ((0x1000 - .) & 0xfff))
                0x000028a8                . = DATA_SEGMENT_ALIGN (0x1000, 0x1000)

.eh_frame
 *(.eh_frame)

.gcc_except_table
 *(.gcc_except_table .gcc_except_table.*)

.exception_ranges
 *(.exception_ranges .exception_ranges*)

.tdata
 *(.tdata .tdata.* .gnu.linkonce.td.*)

.tbss
 *(.tbss .tbss.* .gnu.linkonce.tb.*)
 *(.tcommon)

.preinit_array
 *(.preinit_array)

.init_array
 *(SORT(.init_array.*))
 *(.init_array)

.fini_array
 *(SORT(.fini_array.*))
 *(.fini_array)

.ctors          0x000028a8        0x8
 *crtbegin.o(.ctors)
 *crtbegin?.o(.ctors)
 .ctors         0x000028a8        0x4 /usr/lib/crtbeginS.o
 *(EXCLUDE_FILE(*crtend?.o *crtend.o) .ctors)
 *(SORT(.ctors.*))
 *(.ctors)
 .ctors         0x000028ac        0x4 /usr/lib/crtendS.o
                0x000028ac                __CTOR_LIST_END__

.dtors          0x000028b0        0x8
 *crtbegin.o(.dtors)
 *crtbegin?.o(.dtors)
 .dtors         0x000028b0        0x4 /usr/lib/crtbeginS.o
 *(EXCLUDE_FILE(*crtend?.o *crtend.o) .dtors)
 *(SORT(.dtors.*))
 *(.dtors)
 .dtors         0x000028b4        0x4 /usr/lib/crtendS.o

.jcr            0x000028b8        0x4
 *(.jcr)
 .jcr           0x000028b8        0x0 /usr/lib/crtbeginS.o
 .jcr           0x000028b8        0x4 /usr/lib/crtendS.o

.data.rel.ro
 *(.data.rel.ro.local* .gnu.linkonce.d.rel.ro.local.*)
 *(.data.rel.ro .data.rel.ro.* .gnu.linkonce.d.rel.ro.*)

.dynamic        0x000028bc       0xb8
 *(.dynamic)
 .dynamic       0x000028bc       0xb8 /usr/lib/crti.o
                0x000028bc                _DYNAMIC

.got            0x00002974       0x14
 *(.got)
 .got           0x00002974       0x14 /usr/lib/crti.o
 *(.igot)
                0x00002988                . = DATA_SEGMENT_RELRO_END (., (SIZEOF (.got.plt) >= 0xc)?0xc:0x0)

.got.plt        0x00002988       0x94
 *(.got.plt)
 .got.plt       0x00002988       0x94 /usr/lib/crti.o
                0x00002988                _GLOBAL_OFFSET_TABLE_
 *(.igot.plt)

.data           0x00002a1c       0x28
 *(.data .data.* .gnu.linkonce.d.*)
 .data          0x00002a1c        0x0 /usr/lib/crti.o
 .data          0x00002a1c        0x0 /usr/lib/crtbeginS.o
 .data.rel      0x00002a1c       0x26 /usr/lib/crtbeginS.o
                0x00002a1c                __dso_handle
 *fill*         0x00002a42        0x2 
 .data          0x00002a44        0x0 libexecinfo_pic.a(unwind.pico)
 .data          0x00002a44        0x0 libexecinfo_pic.a(backtrace.pico)
 .data          0x00002a44        0x0 libexecinfo_pic.a(symtab.pico)
 .data          0x00002a44        0x0 /usr/lib/crtendS.o
 .data          0x00002a44        0x0 /usr/lib/crtn.o

.data1
 *(.data1)
                0x00002a44                _edata = .
                0x00002a44                PROVIDE (edata, .)
                0x00002a44                . = .
                0x00002a44                __bss_start = .

.bss            0x00002a44        0x0
 *(.dynbss)
 .dynbss        0x00000000        0x0 /usr/lib/crti.o
 *(.bss .bss.* .gnu.linkonce.b.*)
 .bss           0x00002a44        0x0 /usr/lib/crti.o
 .bss           0x00002a44        0x0 /usr/lib/crtbeginS.o
 .bss           0x00002a44        0x0 libexecinfo_pic.a(unwind.pico)
 .bss           0x00002a44        0x0 libexecinfo_pic.a(backtrace.pico)
 .bss           0x00002a44        0x0 libexecinfo_pic.a(symtab.pico)
 .bss           0x00002a44        0x0 /usr/lib/crtendS.o
 .bss           0x00002a44        0x0 /usr/lib/crtn.o
 *(COMMON)
                0x00002a44                . = ALIGN ((. != 0x0)?0x4:0x1)
                0x00002a44                . = ALIGN (0x4)
                0x00002a44                . = ALIGN (0x4)
                0x00002a44                _end = .
                0x00002a44                PROVIDE (end, .)
                0x00002a44                . = DATA_SEGMENT_END (.)

.stab
 *(.stab)

.stabstr
 *(.stabstr)

.stab.excl
 *(.stab.excl)

.stab.exclstr
 *(.stab.exclstr)

.stab.index
 *(.stab.index)

.stab.indexstr
 *(.stab.indexstr)

.comment        0x00000000       0x28
 *(.comment)
 .comment       0x00000000       0x28 libexecinfo_pic.a(unwind.pico)
                                 0x29 (size before relaxing)
 .comment       0x00000000       0x29 libexecinfo_pic.a(backtrace.pico)
 .comment       0x00000000       0x29 libexecinfo_pic.a(symtab.pico)

.ident          0x00000000      0x157
 .ident         0x00000000       0x36 /usr/lib/crti.o
 .ident         0x00000036       0x3a /usr/lib/crtbeginS.o
 .ident         0x00000070       0x3e libexecinfo_pic.a(backtrace.pico)
 .ident         0x000000ae       0x3b libexecinfo_pic.a(symtab.pico)
 .ident         0x000000e9       0x38 /usr/lib/crtendS.o
 .ident         0x00000121       0x36 /usr/lib/crtn.o

.debug
 *(.debug)

.line
 *(.line)

.debug_srcinfo
 *(.debug_srcinfo)

.debug_sfnames
 *(.debug_sfnames)

.debug_aranges
 *(.debug_aranges)

.debug_pubnames
 *(.debug_pubnames)

.debug_info
 *(.debug_info .gnu.linkonce.wi.*)

.debug_abbrev
 *(.debug_abbrev)

.debug_line
 *(.debug_line)

.debug_frame
 *(.debug_frame)

.debug_str
 *(.debug_str)

.debug_loc
 *(.debug_loc)

.debug_macinfo
 *(.debug_macinfo)

.debug_weaknames
 *(.debug_weaknames)

.debug_funcnames
 *(.debug_funcnames)

.debug_typenames
 *(.debug_typenames)

.debug_varnames
 *(.debug_varnames)

.debug_pubtypes
 *(.debug_pubtypes)

.debug_ranges
 *(.debug_ranges)

.debug_macro
 *(.debug_macro)

.gnu.attributes
 *(.gnu.attributes)

/DISCARD/
 *(.note.GNU-stack)
 *(.gnu_debuglink)
 *(.gnu.lto_*)
OUTPUT(libexecinfo.so.0.0 elf32-i386-minix)
