Archive member included because of file (symbol)

libc++_pic.a(rt_terminate.pico)
                              (--whole-archive)
libc++_pic.a(valarray.pico)   (--whole-archive)
libc++_pic.a(utility.pico)    (--whole-archive)
libc++_pic.a(strstream.pico)  (--whole-archive)
libc++_pic.a(string.pico)     (--whole-archive)
libc++_pic.a(shared_mutex.pico)
                              (--whole-archive)
libc++_pic.a(regex.pico)      (--whole-archive)
libc++_pic.a(random.pico)     (--whole-archive)
libc++_pic.a(optional.pico)   (--whole-archive)
libc++_pic.a(iostream.pico)   (--whole-archive)
libc++_pic.a(debug.pico)      (--whole-archive)
libc++_pic.a(chrono.pico)     (--whole-archive)
libc++_pic.a(bind.pico)       (--whole-archive)
libc++_pic.a(algorithm.pico)  (--whole-archive)
libc++_pic.a(hash.pico)       (--whole-archive)
libc++_pic.a(rt_typeinfo.pico)
                              (--whole-archive)
libc++_pic.a(rt_libelftc_dem_gnu3.pico)
                              (--whole-archive)
libc++_pic.a(thread.pico)     (--whole-archive)
libc++_pic.a(future.pico)     (--whole-archive)
libc++_pic.a(exception.pico)  (--whole-archive)
libc++_pic.a(locale.pico)     (--whole-archive)
libc++_pic.a(new.pico)        (--whole-archive)
libc++_pic.a(memory.pico)     (--whole-archive)
libc++_pic.a(ios.pico)        (--whole-archive)
libc++_pic.a(mutex.pico)      (--whole-archive)
libc++_pic.a(condition_variable.pico)
                              (--whole-archive)
libc++_pic.a(system_error.pico)
                              (--whole-archive)
libc++_pic.a(stdexcept.pico)  (--whole-archive)
libc++_pic.a(rt_auxhelper.pico)
                              (--whole-archive)
libc++_pic.a(rt_exception.pico)
                              (--whole-archive)
libc++_pic.a(rt_dynamic_cast.pico)
                              (--whole-archive)
libc++_pic.a(rt_stdexcept.pico)
                              (--whole-archive)
libc++_pic.a(rt_guard.pico)   (--whole-archive)

Discarded input sections

 .group         0x00000000        0x8 libc++_pic.a(rt_terminate.pico)
 .note.GNU-stack
                0x00000000        0x0 libc++_pic.a(rt_terminate.pico)
 .group         0x00000000        0x8 libc++_pic.a(valarray.pico)
 .group         0x00000000        0x8 libc++_pic.a(valarray.pico)
 .group         0x00000000        0x8 libc++_pic.a(valarray.pico)
 .group         0x00000000        0x8 libc++_pic.a(valarray.pico)
 .group         0x00000000        0x8 libc++_pic.a(valarray.pico)
 .group         0x00000000        0x8 libc++_pic.a(valarray.pico)
 .note.GNU-stack
                0x00000000        0x0 libc++_pic.a(valarray.pico)
 .note.GNU-stack
                0x00000000        0x0 libc++_pic.a(utility.pico)
 .group         0x00000000        0x8 libc++_pic.a(strstream.pico)
 .group         0x00000000        0x8 libc++_pic.a(strstream.pico)
 .group         0x00000000        0x8 libc++_pic.a(strstream.pico)
 .group         0x00000000        0x8 libc++_pic.a(strstream.pico)
 .group         0x00000000        0x8 libc++_pic.a(strstream.pico)
 .group         0x00000000        0x8 libc++_pic.a(strstream.pico)
 .group         0x00000000        0x8 libc++_pic.a(strstream.pico)
 .group         0x00000000        0x8 libc++_pic.a(strstream.pico)
 .group         0x00000000        0x8 libc++_pic.a(strstream.pico)
 .group         0x00000000        0x8 libc++_pic.a(strstream.pico)
 .group         0x00000000        0x8 libc++_pic.a(strstream.pico)
 .group         0x00000000        0x8 libc++_pic.a(strstream.pico)
 .group         0x00000000        0x8 libc++_pic.a(strstream.pico)
 .group         0x00000000        0x8 libc++_pic.a(strstream.pico)
 .group         0x00000000        0x8 libc++_pic.a(strstream.pico)
 .group         0x00000000        0x8 libc++_pic.a(strstream.pico)
 .group         0x00000000        0x8 libc++_pic.a(strstream.pico)
 .group         0x00000000        0x8 libc++_pic.a(strstream.pico)
 .group         0x00000000        0x8 libc++_pic.a(strstream.pico)
 .group         0x00000000        0x8 libc++_pic.a(strstream.pico)
 .group         0x00000000        0x8 libc++_pic.a(strstream.pico)
 .group         0x00000000        0x8 libc++_pic.a(strstream.pico)
 .group         0x00000000        0x8 libc++_pic.a(strstream.pico)
 .group         0x00000000        0x8 libc++_pic.a(strstream.pico)
 .group         0x00000000        0x8 libc++_pic.a(strstream.pico)
 .group         0x00000000        0x8 libc++_pic.a(strstream.pico)
 .group         0x00000000        0x8 libc++_pic.a(strstream.pico)
 .group         0x00000000        0x8 libc++_pic.a(strstream.pico)
 .group         0x00000000        0x8 libc++_pic.a(strstream.pico)
 .group         0x00000000        0x8 libc++_pic.a(strstream.pico)
 .group         0x00000000        0x8 libc++_pic.a(strstream.pico)
 .group         0x00000000        0x8 libc++_pic.a(strstream.pico)
 .group         0x00000000        0x8 libc++_pic.a(strstream.pico)
 .group         0x00000000        0x8 libc++_pic.a(strstream.pico)
[...]
Memory Configuration

Name             Origin             Length             Attributes
*default*        0x00000000         0xffffffff

Linker script and memory map

LOAD /usr/lib/crti.o
LOAD /usr/lib/crtbeginS.o
LOAD libc++_pic.a
LOAD /usr/lib/libmthread.so
LOAD /usr/lib/libc.so
LOAD /usr/lib/crtendS.o
LOAD /usr/lib/crtn.o
                0x000000f4                . = (0x0 + SIZEOF_HEADERS)

.note.gnu.build-id
 *(.note.gnu.build-id)

.hash           0x000000f4     0x4524
 *(.hash)
 .hash          0x000000f4     0x4524 /usr/lib/crti.o

.gnu.hash
 *(.gnu.hash)

.dynsym         0x00004618     0x9420
 *(.dynsym)
 .dynsym        0x00004618     0x9420 /usr/lib/crti.o

.dynstr         0x0000da38    0x1a5b3
 *(.dynstr)
 .dynstr        0x0000da38    0x1a5b3 /usr/lib/crti.o

.gnu.version    0x00027fec        0x0
 *(.gnu.version)
 .gnu.version   0x00000000        0x0 /usr/lib/crti.o

.gnu.version_d  0x00027fec        0x0
 *(.gnu.version_d)
 .gnu.version_d
                0x00000000        0x0 /usr/lib/crti.o

.gnu.version_r  0x00027fec        0x0
 *(.gnu.version_r)
 .gnu.version_r
                0x00000000        0x0 /usr/lib/crti.o

.rel.dyn        0x00027fec     0x4568
 *(.rel.init)
 *(.rel.text .rel.text.* .rel.gnu.linkonce.t.*)
 .rel.text      0x00000000        0x0 /usr/lib/crti.o
 .rel.text._ZNSt3__112basic_stringIcNS_11char_traitsIcEENS_9allocatorIcEEEaSEOS5_
                0x00000000        0x0 /usr/lib/crti.o
 .rel.text._ZNSt3__112basic_stringIcNS_11char_traitsIcEENS_9allocatorIcEEE13__move_assignERS5_NS_17integral_constantIbLb1EEE
                0x00000000        0x0 /usr/lib/crti.o
 .rel.text._ZNSt3__112basic_stringIcNS_11char_traitsIcEENS_9allocatorIcEEE13shrink_to_fitEv
                0x00000000        0x0 /usr/lib/crti.o
 .rel.text._ZNSt3__112basic_stringIcNS_11char_traitsIcEENS_9allocatorIcEEE6assignEOS5_
                0x00000000        0x0 /usr/lib/crti.o
 .rel.text._ZNKSt3__112basic_stringIcNS_11char_traitsIcEENS_9allocatorIcEEE7compareEPKc
                0x00000000        0x0 /usr/lib/crti.o
 .rel.text._ZNSt3__112basic_stringIcNS_11char_traitsIcEENS_9allocatorIcEEE13__move_assignERS5_NS_17integral_constantIbLb0EEE
                0x00000000        0x0 /usr/lib/crti.o
 .rel.text._ZNSt3__112basic_stringIwNS_11char_traitsIwEENS_9allocatorIwEEEaSEOS5_
                0x00000000        0x0 /usr/lib/crti.o
 .rel.text._ZNSt3__112basic_stringIwNS_11char_traitsIwEENS_9allocatorIwEEE13__move_assignERS5_NS_17integral_constantIbLb1EEE
                0x00000000        0x0 /usr/lib/crti.o
 .rel.text._ZNSt3__112basic_stringIwNS_11char_traitsIwEENS_9allocatorIwEEE13shrink_to_fitEv
                0x00000000        0x0 /usr/lib/crti.o
 .rel.text._ZNSt3__112basic_stringIwNS_11char_traitsIwEENS_9allocatorIwEEE6assignEOS5_
                0x00000000        0x0 /usr/lib/crti.o
 .rel.text._ZNKSt3__112basic_stringIwNS_11char_traitsIwEENS_9allocatorIwEEE4findEPKwj
                0x00000000        0x0 /usr/lib/crti.o
 .rel.text._ZNKSt3__112basic_stringIwNS_11char_traitsIwEENS_9allocatorIwEEE4findEwj
                0x00000000        0x0 /usr/lib/crti.o
 .rel.text._ZNKSt3__112basic_stringIwNS_11char_traitsIwEENS_9allocatorIwEEE5rfindEPKwj
                0x00000000        0x0 /usr/lib/crti.o
 .rel.text._ZNKSt3__112basic_stringIwNS_11char_traitsIwEENS_9allocatorIwEEE13find_first_ofEPKwj
                0x00000000        0x0 /usr/lib/crti.o
 .rel.text._ZNKSt3__112basic_stringIwNS_11char_traitsIwEENS_9allocatorIwEEE13find_first_ofEwj
                0x00000000        0x0 /usr/lib/crti.o
 .rel.text._ZNKSt3__112basic_stringIwNS_11char_traitsIwEENS_9allocatorIwEEE12find_last_ofERKS5_j
                0x00000000        0x0 /usr/lib/crti.o
 .rel.text._ZNKSt3__112basic_stringIwNS_11char_traitsIwEENS_9allocatorIwEEE12find_last_ofEPKwjj
                0x00000000        0x0 /usr/lib/crti.o
 .rel.text._ZNKSt3__112basic_stringIwNS_11char_traitsIwEENS_9allocatorIwEEE12find_last_ofEPKwj
                0x00000000        0x0 /usr/lib/crti.o
 .rel.text._ZNKSt3__112basic_stringIwNS_11char_traitsIwEENS_9allocatorIwEEE17find_first_not_ofERKS5_j
                0x00000000        0x0 /usr/lib/crti.o
 .rel.text._ZNKSt3__112basic_stringIwNS_11char_traitsIwEENS_9allocatorIwEEE17find_first_not_ofEPKwjj
                0x00000000        0x0 /usr/lib/crti.o
 .rel.text._ZNKSt3__112basic_stringIwNS_11char_traitsIwEENS_9allocatorIwEEE17find_first_not_ofEPKwj
                0x00000000        0x0 /usr/lib/crti.o
 .rel.text._ZNKSt3__112basic_stringIwNS_11char_traitsIwEENS_9allocatorIwEEE16find_last_not_ofERKS5_j
                0x00000000        0x0 /usr/lib/crti.o
 .rel.text._ZNKSt3__112basic_stringIwNS_11char_traitsIwEENS_9allocatorIwEEE16find_last_not_ofEPKwjj
                0x00000000        0x0 /usr/lib/crti.o
 .rel.text._ZNKSt3__112basic_stringIwNS_11char_traitsIwEENS_9allocatorIwEEE16find_last_not_ofEPKwj
                0x00000000        0x0 /usr/lib/crti.o
 .rel.text._ZNKSt3__112basic_stringIwNS_11char_traitsIwEENS_9allocatorIwEEE7compareERKS5_
                0x00000000        0x0 /usr/lib/crti.o
 .rel.text._ZNKSt3__112basic_stringIwNS_11char_traitsIwEENS_9allocatorIwEEE7compareEPKw
                0x00000000        0x0 /usr/lib/crti.o
 .rel.text._ZNSt3__112basic_stringIwNS_11char_traitsIwEENS_9allocatorIwEEE13__move_assignERS5_NS_17integral_constantIbLb0EEE
                0x00000000        0x0 /usr/lib/crti.o
 .rel.text._ZNSt3__113basic_ostreamIcNS_11char_traitsIcEEE5flushEv
                0x00000000        0x0 /usr/lib/crti.o
 .rel.text._ZNSt3__113basic_ostreamIwNS_11char_traitsIwEEE5flushEv
                0x00000000        0x0 /usr/lib/crti.o
 .rel.text._ZNSt3__113basic_ostreamIwNS_11char_traitsIwEEE6sentryD2Ev
                0x00000000        0x0 /usr/lib/crti.o
 .rel.text._ZNSt3__113basic_ostreamIcNS_11char_traitsIcEEE6sentryD2Ev
                0x00000000        0x0 /usr/lib/crti.o
 .rel.text._ZNSt3__110__stdinbufIwE9underflowEv
                0x00000000        0x0 /usr/lib/crti.o
 .rel.text._ZNSt3__110__stdinbufIwE5uflowEv
                0x00000000        0x0 /usr/lib/crti.o
 .rel.text._ZNSt3__110__stdinbufIcE9underflowEv
                0x00000000        0x0 /usr/lib/crti.o
 .rel.text._ZNSt3__110__stdinbufIcE5uflowEv
                0x00000000        0x0 /usr/lib/crti.o
 .rel.text._ZNSt3__121__thread_specific_ptrINS_15__thread_structEED2Ev
                0x00000000        0x0 /usr/lib/crti.o
 .rel.text._ZNSt3__121__thread_specific_ptrINS_15__thread_structEE16__at_thread_exitEPv
                0x00000000        0x0 /usr/lib/crti.o
 .rel.text._ZSt18make_exception_ptrINSt3__112future_errorEESt13exception_ptrT_
                0x00000000        0x0 /usr/lib/crti.o
 .rel.text._ZNKSt3__17num_getIcNS_19istreambuf_iteratorIcNS_11char_traitsIcEEEEE6do_getES4_S4_RNS_8ios_baseERjRb
                0x00000000        0x0 /usr/lib/crti.o
 .rel.text._ZNKSt3__17num_getIwNS_19istreambuf_iteratorIwNS_11char_traitsIwEEEEE6do_getES4_S4_RNS_8ios_baseERjRb
                0x00000000        0x0 /usr/lib/crti.o
 .rel.text._ZNKSt3__17num_putIcNS_19ostreambuf_iteratorIcNS_11char_traitsIcEEEEE6do_putES4_RNS_8ios_baseEcl
                0x00000000        0x0 /usr/lib/crti.o
 .rel.text._ZNKSt3__17num_putIcNS_19ostreambuf_iteratorIcNS_11char_traitsIcEEEEE6do_putES4_RNS_8ios_baseEcx
                0x00000000        0x0 /usr/lib/crti.o
 .rel.text._ZNKSt3__17num_putIcNS_19ostreambuf_iteratorIcNS_11char_traitsIcEEEEE6do_putES4_RNS_8ios_baseEcm
                0x00000000        0x0 /usr/lib/crti.o
 .rel.text._ZNKSt3__17num_putIcNS_19ostreambuf_iteratorIcNS_11char_traitsIcEEEEE6do_putES4_RNS_8ios_baseEcy
                0x00000000        0x0 /usr/lib/crti.o
 .rel.text._ZNKSt3__17num_putIcNS_19ostreambuf_iteratorIcNS_11char_traitsIcEEEEE6do_putES4_RNS_8ios_baseEcd
                0x00000000        0x0 /usr/lib/crti.o
 .rel.text._ZNKSt3__17num_putIcNS_19ostreambuf_iteratorIcNS_11char_traitsIcEEEEE6do_putES4_RNS_8ios_baseEce
                0x00000000        0x0 /usr/lib/crti.o
 .rel.text._ZNKSt3__17num_putIcNS_19ostreambuf_iteratorIcNS_11char_traitsIcEEEEE6do_putES4_RNS_8ios_baseEcPKv
                0x00000000        0x0 /usr/lib/crti.o
 .rel.text._ZNKSt3__17num_putIwNS_19ostreambuf_iteratorIwNS_11char_traitsIwEEEEE6do_putES4_RNS_8ios_baseEwl
                0x00000000        0x0 /usr/lib/crti.o
 .rel.text._ZNKSt3__17num_putIwNS_19ostreambuf_iteratorIwNS_11char_traitsIwEEEEE6do_putES4_RNS_8ios_baseEwx
                0x00000000        0x0 /usr/lib/crti.o
 .rel.text._ZNKSt3__17num_putIwNS_19ostreambuf_iteratorIwNS_11char_traitsIwEEEEE6do_putES4_RNS_8ios_baseEwm
                0x00000000        0x0 /usr/lib/crti.o
 .rel.text._ZNKSt3__17num_putIwNS_19ostreambuf_iteratorIwNS_11char_traitsIwEEEEE6do_putES4_RNS_8ios_baseEwy
                0x00000000        0x0 /usr/lib/crti.o
 .rel.text._ZNKSt3__17num_putIwNS_19ostreambuf_iteratorIwNS_11char_traitsIwEEEEE6do_putES4_RNS_8ios_baseEwd
                0x00000000        0x0 /usr/lib/crti.o
 .rel.text._ZNKSt3__17num_putIwNS_19ostreambuf_iteratorIwNS_11char_traitsIwEEEEE6do_putES4_RNS_8ios_baseEwe
                0x00000000        0x0 /usr/lib/crti.o
 .rel.text._ZNKSt3__17num_putIwNS_19ostreambuf_iteratorIwNS_11char_traitsIwEEEEE6do_putES4_RNS_8ios_baseEwPKv
                0x00000000        0x0 /usr/lib/crti.o
 .rel.text._ZNKSt3__18time_getIcNS_19istreambuf_iteratorIcNS_11char_traitsIcEEEEE14do_get_weekdayES4_S4_RNS_8ios_baseERjP2tm
                0x00000000        0x0 /usr/lib/crti.o
 .rel.text._ZNKSt3__18time_getIcNS_19istreambuf_iteratorIcNS_11char_traitsIcEEEEE17__get_weekdaynameERiRS4_S4_RjRKNS_5ctypeIcEE
                0x00000000        0x0 /usr/lib/crti.o
 .rel.text._ZNKSt3__18time_getIcNS_19istreambuf_iteratorIcNS_11char_traitsIcEEEEE16do_get_monthnameES4_S4_RNS_8ios_baseERjP2tm
                0x00000000        0x0 /usr/lib/crti.o
 .rel.text._ZNKSt3__18time_getIcNS_19istreambuf_iteratorIcNS_11char_traitsIcEEEEE15__get_monthnameERiRS4_S4_RjRKNS_5ctypeIcEE
                0x00000000        0x0 /usr/lib/crti.o
 .rel.text._ZNKSt3__18time_getIcNS_19istreambuf_iteratorIcNS_11char_traitsIcEEEEE11do_get_yearES4_S4_RNS_8ios_baseERjP2tm
                0x00000000        0x0 /usr/lib/crti.o
 .rel.text._ZNKSt3__18time_getIcNS_19istreambuf_iteratorIcNS_11char_traitsIcEEEEE10__get_yearERiRS4_S4_RjRKNS_5ctypeIcEE
                0x00000000        0x0 /usr/lib/crti.o
 .rel.text._ZNKSt3__18time_getIcNS_19istreambuf_iteratorIcNS_11char_traitsIcEEEEE6do_getES4_S4_RNS_8ios_baseERjP2tmcc
                0x00000000        0x0 /usr/lib/crti.o
 .rel.text._ZNKSt3__18time_getIcNS_19istreambuf_iteratorIcNS_11char_traitsIcEEEEE9__get_dayERiRS4_S4_RjRKNS_5ctypeIcEE
                0x00000000        0x0 /usr/lib/crti.o
 .rel.text._ZNKSt3__18time_getIcNS_19istreambuf_iteratorIcNS_11char_traitsIcEEEEE10__get_hourERiRS4_S4_RjRKNS_5ctypeIcEE
                0x00000000        0x0 /usr/lib/crti.o
 .rel.text._ZNKSt3__18time_getIcNS_19istreambuf_iteratorIcNS_11char_traitsIcEEEEE13__get_12_hourERiRS4_S4_RjRKNS_5ctypeIcEE
                0x00000000        0x0 /usr/lib/crti.o
 .rel.text._ZNKSt3__18time_getIcNS_19istreambuf_iteratorIcNS_11char_traitsIcEEEEE18__get_day_year_numERiRS4_S4_RjRKNS_5ctypeIcEE
                0x00000000        0x0 /usr/lib/crti.o
 .rel.text._ZNKSt3__18time_getIcNS_19istreambuf_iteratorIcNS_11char_traitsIcEEEEE11__get_monthERiRS4_S4_RjRKNS_5ctypeIcEE
                0x00000000        0x0 /usr/lib/crti.o
 .rel.text._ZNKSt3__18time_getIcNS_19istreambuf_iteratorIcNS_11char_traitsIcEEEEE12__get_minuteERiRS4_S4_RjRKNS_5ctypeIcEE
                0x00000000        0x0 /usr/lib/crti.o
 .rel.text._ZNKSt3__18time_getIcNS_19istreambuf_iteratorIcNS_11char_traitsIcEEEEE11__get_am_pmERiRS4_S4_RjRKNS_5ctypeIcEE
                0x00000000        0x0 /usr/lib/crti.o
 .rel.text._ZNKSt3__18time_getIcNS_19istreambuf_iteratorIcNS_11char_traitsIcEEEEE12__get_secondERiRS4_S4_RjRKNS_5ctypeIcEE
                0x00000000        0x0 /usr/lib/crti.o
 .rel.text._ZNKSt3__18time_getIcNS_19istreambuf_iteratorIcNS_11char_traitsIcEEEEE13__get_weekdayERiRS4_S4_RjRKNS_5ctypeIcEE
                0x00000000        0x0 /usr/lib/crti.o
 .rel.text._ZNKSt3__18time_getIcNS_19istreambuf_iteratorIcNS_11char_traitsIcEEEEE11__get_year4ERiRS4_S4_RjRKNS_5ctypeIcEE
                0x00000000        0x0 /usr/lib/crti.o
 .rel.text._ZNKSt3__18time_getIwNS_19istreambuf_iteratorIwNS_11char_traitsIwEEEEE14do_get_weekdayES4_S4_RNS_8ios_baseERjP2tm
                0x00000000        0x0 /usr/lib/crti.o
 .rel.text._ZNKSt3__18time_getIwNS_19istreambuf_iteratorIwNS_11char_traitsIwEEEEE17__get_weekdaynameERiRS4_S4_RjRKNS_5ctypeIwEE
                0x00000000        0x0 /usr/lib/crti.o
 .rel.text._ZNKSt3__18time_getIwNS_19istreambuf_iteratorIwNS_11char_traitsIwEEEEE16do_get_monthnameES4_S4_RNS_8ios_baseERjP2tm
                0x00000000        0x0 /usr/lib/crti.o
 .rel.text._ZNKSt3__18time_getIwNS_19istreambuf_iteratorIwNS_11char_traitsIwEEEEE15__get_monthnameERiRS4_S4_RjRKNS_5ctypeIwEE
                0x00000000        0x0 /usr/lib/crti.o
 .rel.text._ZNKSt3__18time_getIwNS_19istreambuf_iteratorIwNS_11char_traitsIwEEEEE11do_get_yearES4_S4_RNS_8ios_baseERjP2tm
                0x00000000        0x0 /usr/lib/crti.o
 .rel.text._ZNKSt3__18time_getIwNS_19istreambuf_iteratorIwNS_11char_traitsIwEEEEE10__get_yearERiRS4_S4_RjRKNS_5ctypeIwEE
                0x00000000        0x0 /usr/lib/crti.o
 .rel.text._ZNKSt3__18time_getIwNS_19istreambuf_iteratorIwNS_11char_traitsIwEEEEE6do_getES4_S4_RNS_8ios_baseERjP2tmcc
                0x00000000        0x0 /usr/lib/crti.o
 .rel.text._ZNKSt3__18time_getIwNS_19istreambuf_iteratorIwNS_11char_traitsIwEEEEE9__get_dayERiRS4_S4_RjRKNS_5ctypeIwEE
                0x00000000        0x0 /usr/lib/crti.o
 .rel.text._ZNKSt3__18time_getIwNS_19istreambuf_iteratorIwNS_11char_traitsIwEEEEE10__get_hourERiRS4_S4_RjRKNS_5ctypeIwEE
                0x00000000        0x0 /usr/lib/crti.o
 .rel.text._ZNKSt3__18time_getIwNS_19istreambuf_iteratorIwNS_11char_traitsIwEEEEE13__get_12_hourERiRS4_S4_RjRKNS_5ctypeIwEE
                0x00000000        0x0 /usr/lib/crti.o
 .rel.text._ZNKSt3__18time_getIwNS_19istreambuf_iteratorIwNS_11char_traitsIwEEEEE18__get_day_year_numERiRS4_S4_RjRKNS_5ctypeIwEE
                0x00000000        0x0 /usr/lib/crti.o
 .rel.text._ZNKSt3__18time_getIwNS_19istreambuf_iteratorIwNS_11char_traitsIwEEEEE11__get_monthERiRS4_S4_RjRKNS_5ctypeIwEE
                0x00000000        0x0 /usr/lib/crti.o
 .rel.text._ZNKSt3__18time_getIwNS_19istreambuf_iteratorIwNS_11char_traitsIwEEEEE12__get_minuteERiRS4_S4_RjRKNS_5ctypeIwEE
                0x00000000        0x0 /usr/lib/crti.o
 .rel.text._ZNKSt3__18time_getIwNS_19istreambuf_iteratorIwNS_11char_traitsIwEEEEE11__get_am_pmERiRS4_S4_RjRKNS_5ctypeIwEE
                0x00000000        0x0 /usr/lib/crti.o
 .rel.text._ZNKSt3__18time_getIwNS_19istreambuf_iteratorIwNS_11char_traitsIwEEEEE12__get_secondERiRS4_S4_RjRKNS_5ctypeIwEE
                0x00000000        0x0 /usr/lib/crti.o
 .rel.text._ZNKSt3__18time_getIwNS_19istreambuf_iteratorIwNS_11char_traitsIwEEEEE13__get_weekdayERiRS4_S4_RjRKNS_5ctypeIwEE
                0x00000000        0x0 /usr/lib/crti.o
 .rel.text._ZNKSt3__18time_getIwNS_19istreambuf_iteratorIwNS_11char_traitsIwEEEEE11__get_year4ERiRS4_S4_RjRKNS_5ctypeIwEE
                0x00000000        0x0 /usr/lib/crti.o
 .rel.text._ZNSt3__115time_get_bynameIcNS_19istreambuf_iteratorIcNS_11char_traitsIcEEEEED0Ev
                0x00000000        0x0 /usr/lib/crti.o
 .rel.text._ZNSt3__115time_get_bynameIcNS_19istreambuf_iteratorIcNS_11char_traitsIcEEEEED1Ev
                0x00000000        0x0 /usr/lib/crti.o
 .rel.text._ZNSt3__115time_get_bynameIcNS_19istreambuf_iteratorIcNS_11char_traitsIcEEEEED2Ev
                0x00000000        0x0 /usr/lib/crti.o
 .rel.text._ZNSt3__115time_get_bynameIwNS_19istreambuf_iteratorIwNS_11char_traitsIwEEEEED0Ev
                0x00000000        0x0 /usr/lib/crti.o
 .rel.text._ZNSt3__115time_get_bynameIwNS_19istreambuf_iteratorIwNS_11char_traitsIwEEEEED1Ev
                0x00000000        0x0 /usr/lib/crti.o
 .rel.text._ZNSt3__115time_get_bynameIwNS_19istreambuf_iteratorIwNS_11char_traitsIwEEEEED2Ev
                0x00000000        0x0 /usr/lib/crti.o
 .rel.text._ZNSt3__18time_putIcNS_19ostreambuf_iteratorIcNS_11char_traitsIcEEEEED0Ev
                0x00000000        0x0 /usr/lib/crti.o
 .rel.text._ZNSt3__18time_putIcNS_19ostreambuf_iteratorIcNS_11char_traitsIcEEEEED1Ev
                0x00000000        0x0 /usr/lib/crti.o
 .rel.text._ZNSt3__18time_putIcNS_19ostreambuf_iteratorIcNS_11char_traitsIcEEEEED2Ev
                0x00000000        0x0 /usr/lib/crti.o
 .rel.text._ZNSt3__18time_putIwNS_19ostreambuf_iteratorIwNS_11char_traitsIwEEEEED0Ev
                0x00000000        0x0 /usr/lib/crti.o
 .rel.text._ZNSt3__18time_putIwNS_19ostreambuf_iteratorIwNS_11char_traitsIwEEEEED1Ev
                0x00000000        0x0 /usr/lib/crti.o
 .rel.text._ZNSt3__18time_putIwNS_19ostreambuf_iteratorIwNS_11char_traitsIwEEEEED2Ev
                0x00000000        0x0 /usr/lib/crti.o
 .rel.text._ZNSt3__115time_put_bynameIcNS_19ostreambuf_iteratorIcNS_11char_traitsIcEEEEED0Ev
                0x00000000        0x0 /usr/lib/crti.o
 .rel.text._ZNSt3__115time_put_bynameIcNS_19ostreambuf_iteratorIcNS_11char_traitsIcEEEEED1Ev
                0x00000000        0x0 /usr/lib/crti.o
 .rel.text._ZNSt3__115time_put_bynameIcNS_19ostreambuf_iteratorIcNS_11char_traitsIcEEEEED2Ev
                0x00000000        0x0 /usr/lib/crti.o
 .rel.text._ZNSt3__115time_put_bynameIwNS_19ostreambuf_iteratorIwNS_11char_traitsIwEEEEED0Ev
                0x00000000        0x0 /usr/lib/crti.o
 .rel.text._ZNSt3__115time_put_bynameIwNS_19ostreambuf_iteratorIwNS_11char_traitsIwEEEEED1Ev
                0x00000000        0x0 /usr/lib/crti.o
 .rel.text._ZNSt3__115time_put_bynameIwNS_19ostreambuf_iteratorIwNS_11char_traitsIwEEEEED2Ev
                0x00000000        0x0 /usr/lib/crti.o
 .rel.text._ZNKSt3__19money_getIcNS_19istreambuf_iteratorIcNS_11char_traitsIcEEEEE6do_getES4_S4_bRNS_8ios_baseERjRe
                0x00000000        0x0 /usr/lib/crti.o
 .rel.text._ZNSt3__19money_getIcNS_19istreambuf_iteratorIcNS_11char_traitsIcEEEEE8__do_getERS4_S4_bRKNS_6localeEjRjRbRKNS_5ctypeIcEERNS_10unique_ptrIcPFvPvEEERPcSM_
                0x00000000        0x0 /usr/lib/crti.o
 .rel.text._ZNKSt3__19money_getIcNS_19istreambuf_iteratorIcNS_11char_traitsIcEEEEE6do_getES4_S4_bRNS_8ios_baseERjRNS_12basic_stringIcS3_NS_9allocatorIcEEEE
                0x00000000        0x0 /usr/lib/crti.o
 .rel.text._ZNSt3__111__money_getIcE13__gather_infoEbRKNS_6localeERNS_10money_base7patternERcS8_RNS_12basic_stringIcNS_11char_traitsIcEENS_9allocatorIcEEEESF_SF_SF_Ri
                0x00000000        0x0 /usr/lib/crti.o
 .rel.text._ZNSt3__119__double_or_nothingIcEEvRNS_10unique_ptrIT_PFvPvEEERPS2_S9_
                0x00000000        0x0 /usr/lib/crti.o
 .rel.text._ZNSt3__119__double_or_nothingIjEEvRNS_10unique_ptrIT_PFvPvEEERPS2_S9_
                0x00000000        0x0 /usr/lib/crti.o
 .rel.text._ZNKSt3__19money_getIwNS_19istreambuf_iteratorIwNS_11char_traitsIwEEEEE6do_getES4_S4_bRNS_8ios_baseERjRe
                0x00000000        0x0 /usr/lib/crti.o
 .rel.text._ZNSt3__19money_getIwNS_19istreambuf_iteratorIwNS_11char_traitsIwEEEEE8__do_getERS4_S4_bRKNS_6localeEjRjRbRKNS_5ctypeIwEERNS_10unique_ptrIwPFvPvEEERPwSM_
                0x00000000        0x0 /usr/lib/crti.o
 .rel.text._ZNKSt3__19money_getIwNS_19istreambuf_iteratorIwNS_11char_traitsIwEEEEE6do_getES4_S4_bRNS_8ios_baseERjRNS_12basic_stringIwS3_NS_9allocatorIwEEEE
                0x00000000        0x0 /usr/lib/crti.o
 .rel.text._ZNSt3__111__money_getIwE13__gather_infoEbRKNS_6localeERNS_10money_base7patternERwS8_RNS_12basic_stringIcNS_11char_traitsIcEENS_9allocatorIcEEEERNS9_IwNSA_IwEENSC_IwEEEESJ_SJ_Ri
                0x00000000        0x0 /usr/lib/crti.o
 .rel.text._ZNSt3__119__double_or_nothingIwEEvRNS_10unique_ptrIT_PFvPvEEERPS2_S9_
                0x00000000        0x0 /usr/lib/crti.o
 .rel.text._ZNKSt3__19money_putIcNS_19ostreambuf_iteratorIcNS_11char_traitsIcEEEEE6do_putES4_bRNS_8ios_baseEce
                0x00000000        0x0 /usr/lib/crti.o
 .rel.text._ZNSt3__111__money_putIcE13__gather_infoEbbRKNS_6localeERNS_10money_base7patternERcS8_RNS_12basic_stringIcNS_11char_traitsIcEENS_9allocatorIcEEEESF_SF_Ri
                0x00000000        0x0 /usr/lib/crti.o
 .rel.text._ZNKSt3__19money_putIcNS_19ostreambuf_iteratorIcNS_11char_traitsIcEEEEE6do_putES4_bRNS_8ios_baseEcRKNS_12basic_stringIcS3_NS_9allocatorIcEEEE
                0x00000000        0x0 /usr/lib/crti.o
 .rel.text._ZNKSt3__19money_putIwNS_19ostreambuf_iteratorIwNS_11char_traitsIwEEEEE6do_putES4_bRNS_8ios_baseEwe
                0x00000000        0x0 /usr/lib/crti.o
 .rel.text._ZNSt3__111__money_putIwE13__gather_infoEbbRKNS_6localeERNS_10money_base7patternERwS8_RNS_12basic_stringIcNS_11char_traitsIcEENS_9allocatorIcEEEERNS9_IwNSA_IwEENSC_IwEEEESJ_Ri
                0x00000000        0x0 /usr/lib/crti.o
 .rel.text._ZNKSt3__19money_putIwNS_19ostreambuf_iteratorIwNS_11char_traitsIwEEEEE6do_putES4_bRNS_8ios_baseEwRKNS_12basic_stringIwS3_NS_9allocatorIwEEEE
                0x00000000        0x0 /usr/lib/crti.o
 .rel.text._ZNSt3__114codecvt_bynameIwc11__mbstate_tED0Ev
                0x00000000        0x0 /usr/lib/crti.o
 .rel.text._ZNSt3__114codecvt_bynameIwc11__mbstate_tED1Ev
                0x00000000        0x0 /usr/lib/crti.o
 .rel.text._ZNSt3__114codecvt_bynameIwc11__mbstate_tED2Ev
                0x00000000        0x0 /usr/lib/crti.o
 .rel.text._ZNSt3__114__codecvt_utf8IwED0Ev
                0x00000000        0x0 /usr/lib/crti.o
 .rel.text._ZNSt3__115__codecvt_utf16IwLb0EED0Ev
                0x00000000        0x0 /usr/lib/crti.o
 .rel.text._ZNSt3__115__codecvt_utf16IwLb1EED0Ev
                0x00000000        0x0 /usr/lib/crti.o
 .rel.text._ZNSt3__120__codecvt_utf8_utf16IwED0Ev
                0x00000000        0x0 /usr/lib/crti.o
 .rel.text._ZNSt3__115__time_get_tempIwED0Ev
                0x00000000        0x0 /usr/lib/crti.o
 .rel.text._ZnwjRKSt9nothrow_t
                0x00000000        0x0 /usr/lib/crti.o
 .rel.text._ZnajRKSt9nothrow_t
                0x00000000        0x0 /usr/lib/crti.o
 .rel.text._ZNSt3__113basic_istreamIcNS_11char_traitsIcEEErsEPNS_15basic_streambufIcS2_EE
                0x00000000        0x0 /usr/lib/crti.o
 .rel.text._ZNSt3__113basic_istreamIcNS_11char_traitsIcEEErsERb
                0x00000000        0x0 /usr/lib/crti.o
 .rel.text._ZNSt3__113basic_istreamIcNS_11char_traitsIcEEErsERs
                0x00000000        0x0 /usr/lib/crti.o
 .rel.text._ZNSt3__113basic_istreamIcNS_11char_traitsIcEEErsERt
                0x00000000        0x0 /usr/lib/crti.o
 .rel.text._ZNSt3__113basic_istreamIcNS_11char_traitsIcEEErsERi
                0x00000000        0x0 /usr/lib/crti.o
 .rel.text._ZNSt3__113basic_istreamIcNS_11char_traitsIcEEErsERj
                0x00000000        0x0 /usr/lib/crti.o
 .rel.text._ZNSt3__113basic_istreamIcNS_11char_traitsIcEEErsERl
                0x00000000        0x0 /usr/lib/crti.o
 .rel.text._ZNSt3__113basic_istreamIcNS_11char_traitsIcEEErsERm
                0x00000000        0x0 /usr/lib/crti.o
 .rel.text._ZNSt3__113basic_istreamIcNS_11char_traitsIcEEErsERx
                0x00000000        0x0 /usr/lib/crti.o
 .rel.text._ZNSt3__113basic_istreamIcNS_11char_traitsIcEEErsERy
                0x00000000        0x0 /usr/lib/crti.o
 .rel.text._ZNSt3__113basic_istreamIcNS_11char_traitsIcEEErsERf
                0x00000000        0x0 /usr/lib/crti.o
 .rel.text._ZNSt3__113basic_istreamIcNS_11char_traitsIcEEErsERd
                0x00000000        0x0 /usr/lib/crti.o
 .rel.text._ZNSt3__113basic_istreamIcNS_11char_traitsIcEEErsERe
                0x00000000        0x0 /usr/lib/crti.o
 .rel.text._ZNSt3__113basic_istreamIcNS_11char_traitsIcEEErsERPv
                0x00000000        0x0 /usr/lib/crti.o
 .rel.text._ZNSt3__113basic_istreamIcNS_11char_traitsIcEEE3getEv
                0x00000000        0x0 /usr/lib/crti.o
 .rel.text._ZNSt3__113basic_istreamIcNS_11char_traitsIcEEE3getEPcic
                0x00000000        0x0 /usr/lib/crti.o
 .rel.text._ZNSt3__113basic_istreamIcNS_11char_traitsIcEEE3getERNS_15basic_streambufIcS2_EEc
                0x00000000        0x0 /usr/lib/crti.o
 .rel.text._ZNSt3__113basic_istreamIcNS_11char_traitsIcEEE7getlineEPcic
                0x00000000        0x0 /usr/lib/crti.o
 .rel.text._ZNSt3__113basic_istreamIcNS_11char_traitsIcEEE6ignoreEii
                0x00000000        0x0 /usr/lib/crti.o
 .rel.text._ZNSt3__113basic_istreamIcNS_11char_traitsIcEEE4peekEv
                0x00000000        0x0 /usr/lib/crti.o
 .rel.text._ZNSt3__113basic_istreamIcNS_11char_traitsIcEEE4readEPci
                0x00000000        0x0 /usr/lib/crti.o
 .rel.text._ZNSt3__113basic_istreamIcNS_11char_traitsIcEEE7putbackEc
                0x00000000        0x0 /usr/lib/crti.o
 .rel.text._ZNSt3__113basic_istreamIcNS_11char_traitsIcEEE5ungetEv
                0x00000000        0x0 /usr/lib/crti.o
 .rel.text._ZNSt3__113basic_istreamIcNS_11char_traitsIcEEE4syncEv
                0x00000000        0x0 /usr/lib/crti.o
 .rel.text._ZNSt3__113basic_istreamIcNS_11char_traitsIcEEE5tellgEv
                0x00000000        0x0 /usr/lib/crti.o
 .rel.text._ZNSt3__113basic_istreamIcNS_11char_traitsIcEEE5seekgENS_4fposI11__mbstate_tEE
                0x00000000        0x0 /usr/lib/crti.o
 .rel.text._ZNSt3__113basic_istreamIcNS_11char_traitsIcEEE5seekgExNS_8ios_base7seekdirE
                0x00000000        0x0 /usr/lib/crti.o
 .rel.text._ZNSt3__113basic_istreamIwNS_11char_traitsIwEEErsEPNS_15basic_streambufIwS2_EE
                0x00000000        0x0 /usr/lib/crti.o
 .rel.text._ZNSt3__113basic_istreamIwNS_11char_traitsIwEEErsERb
                0x00000000        0x0 /usr/lib/crti.o
 .rel.text._ZNSt3__113basic_istreamIwNS_11char_traitsIwEEErsERs
                0x00000000        0x0 /usr/lib/crti.o
 .rel.text._ZNSt3__113basic_istreamIwNS_11char_traitsIwEEErsERt
                0x00000000        0x0 /usr/lib/crti.o
 .rel.text._ZNSt3__113basic_istreamIwNS_11char_traitsIwEEErsERi
                0x00000000        0x0 /usr/lib/crti.o
 .rel.text._ZNSt3__113basic_istreamIwNS_11char_traitsIwEEErsERj
                0x00000000        0x0 /usr/lib/crti.o
 .rel.text._ZNSt3__113basic_istreamIwNS_11char_traitsIwEEErsERl
                0x00000000        0x0 /usr/lib/crti.o
 .rel.text._ZNSt3__113basic_istreamIwNS_11char_traitsIwEEErsERm
                0x00000000        0x0 /usr/lib/crti.o
 .rel.text._ZNSt3__113basic_istreamIwNS_11char_traitsIwEEErsERx
                0x00000000        0x0 /usr/lib/crti.o
 .rel.text._ZNSt3__113basic_istreamIwNS_11char_traitsIwEEErsERy
                0x00000000        0x0 /usr/lib/crti.o
 .rel.text._ZNSt3__113basic_istreamIwNS_11char_traitsIwEEErsERf
                0x00000000        0x0 /usr/lib/crti.o
 .rel.text._ZNSt3__113basic_istreamIwNS_11char_traitsIwEEErsERd
                0x00000000        0x0 /usr/lib/crti.o
 .rel.text._ZNSt3__113basic_istreamIwNS_11char_traitsIwEEErsERe
                0x00000000        0x0 /usr/lib/crti.o
 .rel.text._ZNSt3__113basic_istreamIwNS_11char_traitsIwEEErsERPv
                0x00000000        0x0 /usr/lib/crti.o
 .rel.text._ZNSt3__113basic_istreamIwNS_11char_traitsIwEEE3getEv
                0x00000000        0x0 /usr/lib/crti.o
 .rel.text._ZNSt3__113basic_istreamIwNS_11char_traitsIwEEE3getEPwiw
                0x00000000        0x0 /usr/lib/crti.o
 .rel.text._ZNSt3__113basic_istreamIwNS_11char_traitsIwEEE3getERNS_15basic_streambufIwS2_EEw
                0x00000000        0x0 /usr/lib/crti.o
 .rel.text._ZNSt3__113basic_istreamIwNS_11char_traitsIwEEE7getlineEPwiw
                0x00000000        0x0 /usr/lib/crti.o
 .rel.text._ZNSt3__113basic_istreamIwNS_11char_traitsIwEEE6ignoreEii
                0x00000000        0x0 /usr/lib/crti.o
 .rel.text._ZNSt3__113basic_istreamIwNS_11char_traitsIwEEE4peekEv
                0x00000000        0x0 /usr/lib/crti.o
 .rel.text._ZNSt3__113basic_istreamIwNS_11char_traitsIwEEE4readEPwi
                0x00000000        0x0 /usr/lib/crti.o
 .rel.text._ZNSt3__113basic_istreamIwNS_11char_traitsIwEEE7putbackEw
                0x00000000        0x0 /usr/lib/crti.o
 .rel.text._ZNSt3__113basic_istreamIwNS_11char_traitsIwEEE5ungetEv
                0x00000000        0x0 /usr/lib/crti.o
 .rel.text._ZNSt3__113basic_istreamIwNS_11char_traitsIwEEE4syncEv
                0x00000000        0x0 /usr/lib/crti.o
 .rel.text._ZNSt3__113basic_istreamIwNS_11char_traitsIwEEE5tellgEv
                0x00000000        0x0 /usr/lib/crti.o
 .rel.text._ZNSt3__113basic_istreamIwNS_11char_traitsIwEEE5seekgENS_4fposI11__mbstate_tEE
                0x00000000        0x0 /usr/lib/crti.o
 .rel.text._ZNSt3__113basic_istreamIwNS_11char_traitsIwEEE5seekgExNS_8ios_base7seekdirE
                0x00000000        0x0 /usr/lib/crti.o
 .rel.text._ZNSt3__113basic_ostreamIcNS_11char_traitsIcEEElsEb
                0x00000000        0x0 /usr/lib/crti.o
 .rel.text._ZNSt3__113basic_ostreamIcNS_11char_traitsIcEEElsEs
                0x00000000        0x0 /usr/lib/crti.o
 .rel.text._ZNSt3__113basic_ostreamIcNS_11char_traitsIcEEElsEt
                0x00000000        0x0 /usr/lib/crti.o
 .rel.text._ZNSt3__113basic_ostreamIcNS_11char_traitsIcEEElsEi
                0x00000000        0x0 /usr/lib/crti.o
 .rel.text._ZNSt3__113basic_ostreamIcNS_11char_traitsIcEEElsEj
                0x00000000        0x0 /usr/lib/crti.o
 .rel.text._ZNSt3__113basic_ostreamIcNS_11char_traitsIcEEElsEl
                0x00000000        0x0 /usr/lib/crti.o
 .rel.text._ZNSt3__113basic_ostreamIcNS_11char_traitsIcEEElsEm
                0x00000000        0x0 /usr/lib/crti.o
 .rel.text._ZNSt3__113basic_ostreamIcNS_11char_traitsIcEEElsEx
                0x00000000        0x0 /usr/lib/crti.o
 .rel.text._ZNSt3__113basic_ostreamIcNS_11char_traitsIcEEElsEy
                0x00000000        0x0 /usr/lib/crti.o
 .rel.text._ZNSt3__113basic_ostreamIcNS_11char_traitsIcEEElsEf
                0x00000000        0x0 /usr/lib/crti.o
 .rel.text._ZNSt3__113basic_ostreamIcNS_11char_traitsIcEEElsEd
                0x00000000        0x0 /usr/lib/crti.o
 .rel.text._ZNSt3__113basic_ostreamIcNS_11char_traitsIcEEElsEe
                0x00000000        0x0 /usr/lib/crti.o
 .rel.text._ZNSt3__113basic_ostreamIcNS_11char_traitsIcEEElsEPKv
                0x00000000        0x0 /usr/lib/crti.o
 .rel.text._ZNSt3__113basic_ostreamIcNS_11char_traitsIcEEElsEPNS_15basic_streambufIcS2_EE
                0x00000000        0x0 /usr/lib/crti.o
 .rel.text._ZNSt3__113basic_ostreamIcNS_11char_traitsIcEEE3putEc
                0x00000000        0x0 /usr/lib/crti.o
 .rel.text._ZNSt3__113basic_ostreamIcNS_11char_traitsIcEEE5writeEPKci
                0x00000000        0x0 /usr/lib/crti.o
 .rel.text._ZNSt3__113basic_ostreamIwNS_11char_traitsIwEEElsEb
                0x00000000        0x0 /usr/lib/crti.o
 .rel.text._ZNSt3__113basic_ostreamIwNS_11char_traitsIwEEElsEs
                0x00000000        0x0 /usr/lib/crti.o
 .rel.text._ZNSt3__113basic_ostreamIwNS_11char_traitsIwEEElsEt
                0x00000000        0x0 /usr/lib/crti.o
 .rel.text._ZNSt3__113basic_ostreamIwNS_11char_traitsIwEEElsEi
                0x00000000        0x0 /usr/lib/crti.o
 .rel.text._ZNSt3__113basic_ostreamIwNS_11char_traitsIwEEElsEj
                0x00000000        0x0 /usr/lib/crti.o
 .rel.text._ZNSt3__113basic_ostreamIwNS_11char_traitsIwEEElsEl
                0x00000000        0x0 /usr/lib/crti.o
 .rel.text._ZNSt3__113basic_ostreamIwNS_11char_traitsIwEEElsEm
                0x00000000        0x0 /usr/lib/crti.o
 .rel.text._ZNSt3__113basic_ostreamIwNS_11char_traitsIwEEElsEx
                0x00000000        0x0 /usr/lib/crti.o
 .rel.text._ZNSt3__113basic_ostreamIwNS_11char_traitsIwEEElsEy
                0x00000000        0x0 /usr/lib/crti.o
 .rel.text._ZNSt3__113basic_ostreamIwNS_11char_traitsIwEEElsEf
                0x00000000        0x0 /usr/lib/crti.o
 .rel.text._ZNSt3__113basic_ostreamIwNS_11char_traitsIwEEElsEd
                0x00000000        0x0 /usr/lib/crti.o
 .rel.text._ZNSt3__113basic_ostreamIwNS_11char_traitsIwEEElsEe
                0x00000000        0x0 /usr/lib/crti.o
 .rel.text._ZNSt3__113basic_ostreamIwNS_11char_traitsIwEEElsEPKv
                0x00000000        0x0 /usr/lib/crti.o
 .rel.text._ZNSt3__113basic_ostreamIwNS_11char_traitsIwEEElsEPNS_15basic_streambufIwS2_EE
                0x00000000        0x0 /usr/lib/crti.o
 .rel.text._ZNSt3__113basic_ostreamIwNS_11char_traitsIwEEE3putEw
                0x00000000        0x0 /usr/lib/crti.o
 .rel.text._ZNSt3__113basic_ostreamIwNS_11char_traitsIwEEE5writeEPKwi
                0x00000000        0x0 /usr/lib/crti.o
 *(.rel.fini)
 *(.rel.rodata .rel.rodata.* .rel.gnu.linkonce.r.*)
 *(.rel.data.rel.ro .rel.data.rel.ro.* .rel.gnu.linkonce.d.rel.ro.*)
 .rel.data.rel.ro
                0x00027fec     0x2158 /usr/lib/crti.o
 .rel.data.rel.ro._ZTINSt3__115basic_streambufIcNS_11char_traitsIcEEEE
                0x0002a144       0x10 /usr/lib/crti.o
 .rel.data.rel.ro._ZTINSt3__19basic_iosIcNS_11char_traitsIcEEEE
                0x0002a154       0x18 /usr/lib/crti.o
 .rel.data.rel.ro._ZTINSt3__113basic_istreamIcNS_11char_traitsIcEEEE
                0x0002a16c       0x18 /usr/lib/crti.o
 .rel.data.rel.ro._ZTINSt3__113basic_ostreamIcNS_11char_traitsIcEEEE
                0x0002a184       0x18 /usr/lib/crti.o
 .rel.data.rel.ro._ZTINSt3__114basic_iostreamIcNS_11char_traitsIcEEEE
                0x0002a19c       0x20 /usr/lib/crti.o
 .rel.data.rel.ro._ZTVNSt3__115basic_streambufIcNS_11char_traitsIcEEEE
                0x0002a1bc       0x78 /usr/lib/crti.o
 .rel.data.rel.ro.local
                0x0002a234      0x468 /usr/lib/crti.o
 .rel.data.rel.ro._ZTVNSt3__113basic_ostreamIwNS_11char_traitsIwEEEE
                0x0002a69c       0x30 /usr/lib/crti.o
 .rel.data.rel.ro._ZTINSt3__19basic_iosIwNS_11char_traitsIwEEEE
                0x0002a6cc       0x18 /usr/lib/crti.o
 .rel.data.rel.ro._ZTINSt3__113basic_ostreamIwNS_11char_traitsIwEEEE
                0x0002a6e4       0x18 /usr/lib/crti.o
 .rel.data.rel.ro._ZTVNSt3__111__stdoutbufIwEE
                0x0002a6fc       0x78 /usr/lib/crti.o
 .rel.data.rel.ro._ZTINSt3__115basic_streambufIwNS_11char_traitsIwEEEE
                0x0002a774       0x10 /usr/lib/crti.o
 .rel.data.rel.ro._ZTINSt3__111__stdoutbufIwEE
                0x0002a784       0x18 /usr/lib/crti.o
 .rel.data.rel.ro._ZTVNSt3__115basic_streambufIwNS_11char_traitsIwEEEE
                0x0002a79c       0x78 /usr/lib/crti.o
 .rel.data.rel.ro._ZTVNSt3__113basic_istreamIwNS_11char_traitsIwEEEE
                0x0002a814       0x30 /usr/lib/crti.o
 .rel.data.rel.ro._ZTINSt3__113basic_istreamIwNS_11char_traitsIwEEEE
                0x0002a844       0x18 /usr/lib/crti.o
 .rel.data.rel.ro._ZTVNSt3__110__stdinbufIwEE
                0x0002a85c       0x78 /usr/lib/crti.o
 .rel.data.rel.ro._ZTINSt3__110__stdinbufIwEE
                0x0002a8d4       0x18 /usr/lib/crti.o
 .rel.data.rel.ro._ZTVNSt3__113basic_ostreamIcNS_11char_traitsIcEEEE
                0x0002a8ec       0x30 /usr/lib/crti.o
 .rel.data.rel.ro._ZTVNSt3__111__stdoutbufIcEE
                0x0002a91c       0x78 /usr/lib/crti.o
 .rel.data.rel.ro._ZTINSt3__111__stdoutbufIcEE
                0x0002a994       0x18 /usr/lib/crti.o
 .rel.data.rel.ro._ZTVNSt3__113basic_istreamIcNS_11char_traitsIcEEEE
                0x0002a9ac       0x30 /usr/lib/crti.o
 .rel.data.rel.ro._ZTVNSt3__110__stdinbufIcEE
                0x0002a9dc       0x78 /usr/lib/crti.o
 .rel.data.rel.ro._ZTINSt3__110__stdinbufIcEE
                0x0002aa54       0x18 /usr/lib/crti.o
 .rel.data.rel.ro._ZTVNSt3__17collateIcEE
                0x0002aa6c       0x38 /usr/lib/crti.o
 .rel.data.rel.ro._ZTVNSt3__17collateIwEE
                0x0002aaa4       0x38 /usr/lib/crti.o
 .rel.data.rel.ro._ZTVNSt3__17num_getIcNS_19istreambuf_iteratorIcNS_11char_traitsIcEEEEEE
                0x0002aadc       0x78 /usr/lib/crti.o
 .rel.data.rel.ro._ZTVNSt3__17num_getIwNS_19istreambuf_iteratorIwNS_11char_traitsIwEEEEEE
                0x0002ab54       0x78 /usr/lib/crti.o
 .rel.data.rel.ro._ZTVNSt3__17num_putIcNS_19ostreambuf_iteratorIcNS_11char_traitsIcEEEEEE
                0x0002abcc       0x60 /usr/lib/crti.o
 .rel.data.rel.ro._ZTVNSt3__17num_putIwNS_19ostreambuf_iteratorIwNS_11char_traitsIwEEEEEE
                0x0002ac2c       0x60 /usr/lib/crti.o
 .rel.data.rel.ro._ZTVNSt3__18time_getIcNS_19istreambuf_iteratorIcNS_11char_traitsIcEEEEEE
                0x0002ac8c       0x98 /usr/lib/crti.o
 .rel.data.rel.ro._ZTVNSt3__18time_getIwNS_19istreambuf_iteratorIwNS_11char_traitsIwEEEEEE
                0x0002ad24       0x98 /usr/lib/crti.o
 .rel.data.rel.ro._ZTVNSt3__115time_get_bynameIcNS_19istreambuf_iteratorIcNS_11char_traitsIcEEEEEE
                0x0002adbc       0xd0 /usr/lib/crti.o
 .rel.data.rel.ro._ZTVNSt3__115time_get_bynameIwNS_19istreambuf_iteratorIwNS_11char_traitsIwEEEEEE
                0x0002ae8c       0xd0 /usr/lib/crti.o
 .rel.data.rel.ro._ZTVNSt3__18time_putIcNS_19ostreambuf_iteratorIcNS_11char_traitsIcEEEEEE
                0x0002af5c       0x28 /usr/lib/crti.o
 .rel.data.rel.ro._ZTVNSt3__18time_putIwNS_19ostreambuf_iteratorIwNS_11char_traitsIwEEEEEE
                0x0002af84       0x28 /usr/lib/crti.o
 .rel.data.rel.ro._ZTVNSt3__115time_put_bynameIcNS_19ostreambuf_iteratorIcNS_11char_traitsIcEEEEEE
                0x0002afac       0x28 /usr/lib/crti.o
 .rel.data.rel.ro._ZTVNSt3__115time_put_bynameIwNS_19ostreambuf_iteratorIwNS_11char_traitsIwEEEEEE
                0x0002afd4       0x28 /usr/lib/crti.o
 .rel.data.rel.ro._ZTVNSt3__110moneypunctIcLb0EEE
                0x0002affc       0x68 /usr/lib/crti.o
 .rel.data.rel.ro._ZTVNSt3__110moneypunctIcLb1EEE
                0x0002b064       0x68 /usr/lib/crti.o
 .rel.data.rel.ro._ZTVNSt3__110moneypunctIwLb0EEE
                0x0002b0cc       0x68 /usr/lib/crti.o
 .rel.data.rel.ro._ZTVNSt3__110moneypunctIwLb1EEE
                0x0002b134       0x68 /usr/lib/crti.o
 .rel.data.rel.ro._ZTVNSt3__117moneypunct_bynameIcLb0EEE
                0x0002b19c       0x68 /usr/lib/crti.o
 .rel.data.rel.ro._ZTVNSt3__117moneypunct_bynameIcLb1EEE
                0x0002b204       0x68 /usr/lib/crti.o
 .rel.data.rel.ro._ZTVNSt3__117moneypunct_bynameIwLb0EEE
                0x0002b26c       0x68 /usr/lib/crti.o
 .rel.data.rel.ro._ZTVNSt3__117moneypunct_bynameIwLb1EEE
                0x0002b2d4       0x68 /usr/lib/crti.o
 .rel.data.rel.ro._ZTVNSt3__19money_getIcNS_19istreambuf_iteratorIcNS_11char_traitsIcEEEEEE
                0x0002b33c       0x30 /usr/lib/crti.o
 .rel.data.rel.ro._ZTVNSt3__19money_getIwNS_19istreambuf_iteratorIwNS_11char_traitsIwEEEEEE
                0x0002b36c       0x30 /usr/lib/crti.o
 .rel.data.rel.ro._ZTVNSt3__19money_putIcNS_19ostreambuf_iteratorIcNS_11char_traitsIcEEEEEE
                0x0002b39c       0x30 /usr/lib/crti.o
 .rel.data.rel.ro._ZTVNSt3__19money_putIwNS_19ostreambuf_iteratorIwNS_11char_traitsIwEEEEEE
                0x0002b3cc       0x30 /usr/lib/crti.o
 .rel.data.rel.ro._ZTVNSt3__18messagesIcEE
                0x0002b3fc       0x38 /usr/lib/crti.o
 .rel.data.rel.ro._ZTVNSt3__18messagesIwEE
                0x0002b434       0x38 /usr/lib/crti.o
 .rel.data.rel.ro._ZTVNSt3__115messages_bynameIcEE
                0x0002b46c       0x38 /usr/lib/crti.o
 .rel.data.rel.ro._ZTVNSt3__115messages_bynameIwEE
                0x0002b4a4       0x38 /usr/lib/crti.o
 .rel.data.rel.ro._ZTVNSt3__114codecvt_bynameIcc11__mbstate_tEE
                0x0002b4dc       0x58 /usr/lib/crti.o
 .rel.data.rel.ro._ZTVNSt3__114codecvt_bynameIwc11__mbstate_tEE
                0x0002b534       0x58 /usr/lib/crti.o
 .rel.data.rel.ro._ZTVNSt3__114codecvt_bynameIDsc11__mbstate_tEE
                0x0002b58c       0x58 /usr/lib/crti.o
 .rel.data.rel.ro._ZTVNSt3__114codecvt_bynameIDic11__mbstate_tEE
                0x0002b5e4       0x58 /usr/lib/crti.o
 .rel.data.rel.ro._ZTINSt3__110ctype_baseE
                0x0002b63c       0x10 /usr/lib/crti.o
 .rel.data.rel.ro._ZTINSt3__112codecvt_baseE
                0x0002b64c       0x10 /usr/lib/crti.o
 .rel.data.rel.ro._ZTINSt3__17collateIcEE
                0x0002b65c       0x18 /usr/lib/crti.o
 .rel.data.rel.ro._ZTINSt3__17collateIwEE
                0x0002b674       0x18 /usr/lib/crti.o
 .rel.data.rel.ro._ZTINSt3__114codecvt_bynameIcc11__mbstate_tEE
                0x0002b68c       0x18 /usr/lib/crti.o
 .rel.data.rel.ro._ZTINSt3__114codecvt_bynameIwc11__mbstate_tEE
                0x0002b6a4       0x18 /usr/lib/crti.o
 .rel.data.rel.ro._ZTINSt3__114codecvt_bynameIDsc11__mbstate_tEE
                0x0002b6bc       0x18 /usr/lib/crti.o
 .rel.data.rel.ro._ZTINSt3__114codecvt_bynameIDic11__mbstate_tEE
                0x0002b6d4       0x18 /usr/lib/crti.o
 .rel.data.rel.ro._ZTINSt3__110money_baseE
                0x0002b6ec       0x10 /usr/lib/crti.o
 .rel.data.rel.ro._ZTINSt3__110moneypunctIcLb0EEE
                0x0002b6fc       0x20 /usr/lib/crti.o
 .rel.data.rel.ro._ZTINSt3__117moneypunct_bynameIcLb0EEE
                0x0002b71c       0x18 /usr/lib/crti.o
 .rel.data.rel.ro._ZTINSt3__110moneypunctIcLb1EEE
                0x0002b734       0x20 /usr/lib/crti.o
 .rel.data.rel.ro._ZTINSt3__117moneypunct_bynameIcLb1EEE
                0x0002b754       0x18 /usr/lib/crti.o
 .rel.data.rel.ro._ZTINSt3__110moneypunctIwLb0EEE
                0x0002b76c       0x20 /usr/lib/crti.o
 .rel.data.rel.ro._ZTINSt3__117moneypunct_bynameIwLb0EEE
                0x0002b78c       0x18 /usr/lib/crti.o
 .rel.data.rel.ro._ZTINSt3__110moneypunctIwLb1EEE
                0x0002b7a4       0x20 /usr/lib/crti.o
 .rel.data.rel.ro._ZTINSt3__117moneypunct_bynameIwLb1EEE
                0x0002b7c4       0x18 /usr/lib/crti.o
 .rel.data.rel.ro._ZTINSt3__19time_baseE
                0x0002b7dc       0x10 /usr/lib/crti.o
 .rel.data.rel.ro._ZTINSt3__120__time_get_c_storageIcEE
                0x0002b7ec       0x10 /usr/lib/crti.o
 .rel.data.rel.ro._ZTINSt3__18time_getIcNS_19istreambuf_iteratorIcNS_11char_traitsIcEEEEEE
                0x0002b7fc       0x28 /usr/lib/crti.o
 .rel.data.rel.ro._ZTINSt3__110__time_getE
                0x0002b824       0x10 /usr/lib/crti.o
 .rel.data.rel.ro._ZTINSt3__118__time_get_storageIcEE
                0x0002b834       0x18 /usr/lib/crti.o
 .rel.data.rel.ro._ZTINSt3__115time_get_bynameIcNS_19istreambuf_iteratorIcNS_11char_traitsIcEEEEEE
                0x0002b84c       0x20 /usr/lib/crti.o
 .rel.data.rel.ro._ZTINSt3__120__time_get_c_storageIwEE
                0x0002b86c       0x10 /usr/lib/crti.o
 .rel.data.rel.ro._ZTINSt3__18time_getIwNS_19istreambuf_iteratorIwNS_11char_traitsIwEEEEEE
                0x0002b87c       0x28 /usr/lib/crti.o
 .rel.data.rel.ro._ZTINSt3__118__time_get_storageIwEE
                0x0002b8a4       0x18 /usr/lib/crti.o
 .rel.data.rel.ro._ZTINSt3__115time_get_bynameIwNS_19istreambuf_iteratorIwNS_11char_traitsIwEEEEEE
                0x0002b8bc       0x20 /usr/lib/crti.o
 .rel.data.rel.ro._ZTINSt3__110__time_putE
                0x0002b8dc       0x10 /usr/lib/crti.o
 .rel.data.rel.ro._ZTINSt3__18time_putIcNS_19ostreambuf_iteratorIcNS_11char_traitsIcEEEEEE
                0x0002b8ec       0x20 /usr/lib/crti.o
 .rel.data.rel.ro._ZTINSt3__115time_put_bynameIcNS_19ostreambuf_iteratorIcNS_11char_traitsIcEEEEEE
                0x0002b90c       0x18 /usr/lib/crti.o
 .rel.data.rel.ro._ZTINSt3__18time_putIwNS_19ostreambuf_iteratorIwNS_11char_traitsIwEEEEEE
                0x0002b924       0x20 /usr/lib/crti.o
 .rel.data.rel.ro._ZTINSt3__115time_put_bynameIwNS_19ostreambuf_iteratorIwNS_11char_traitsIwEEEEEE
                0x0002b944       0x18 /usr/lib/crti.o
 .rel.data.rel.ro._ZTINSt3__113messages_baseE
                0x0002b95c       0x10 /usr/lib/crti.o
 .rel.data.rel.ro._ZTINSt3__18messagesIcEE
                0x0002b96c       0x20 /usr/lib/crti.o
 .rel.data.rel.ro._ZTINSt3__115messages_bynameIcEE
                0x0002b98c       0x18 /usr/lib/crti.o
 .rel.data.rel.ro._ZTINSt3__18messagesIwEE
                0x0002b9a4       0x20 /usr/lib/crti.o
 .rel.data.rel.ro._ZTINSt3__115messages_bynameIwEE
                0x0002b9c4       0x18 /usr/lib/crti.o
 .rel.data.rel.ro._ZTINSt3__114__num_get_baseE
                0x0002b9dc       0x10 /usr/lib/crti.o
 .rel.data.rel.ro._ZTINSt3__19__num_getIcEE
                0x0002b9ec       0x18 /usr/lib/crti.o
 .rel.data.rel.ro._ZTINSt3__17num_getIcNS_19istreambuf_iteratorIcNS_11char_traitsIcEEEEEE
                0x0002ba04       0x20 /usr/lib/crti.o
 .rel.data.rel.ro._ZTINSt3__19__num_getIwEE
                0x0002ba24       0x18 /usr/lib/crti.o
 .rel.data.rel.ro._ZTINSt3__17num_getIwNS_19istreambuf_iteratorIwNS_11char_traitsIwEEEEEE
                0x0002ba3c       0x20 /usr/lib/crti.o
 .rel.data.rel.ro._ZTINSt3__114__num_put_baseE
                0x0002ba5c       0x10 /usr/lib/crti.o
 .rel.data.rel.ro._ZTINSt3__19__num_putIcEE
                0x0002ba6c       0x18 /usr/lib/crti.o
 .rel.data.rel.ro._ZTINSt3__17num_putIcNS_19ostreambuf_iteratorIcNS_11char_traitsIcEEEEEE
                0x0002ba84       0x20 /usr/lib/crti.o
 .rel.data.rel.ro._ZTINSt3__19__num_putIwEE
                0x0002baa4       0x18 /usr/lib/crti.o
 .rel.data.rel.ro._ZTINSt3__17num_putIwNS_19ostreambuf_iteratorIwNS_11char_traitsIwEEEEEE
                0x0002babc       0x20 /usr/lib/crti.o
 .rel.data.rel.ro._ZTINSt3__111__money_getIcEE
                0x0002badc       0x10 /usr/lib/crti.o
 .rel.data.rel.ro._ZTINSt3__19money_getIcNS_19istreambuf_iteratorIcNS_11char_traitsIcEEEEEE
                0x0002baec       0x20 /usr/lib/crti.o
 .rel.data.rel.ro._ZTINSt3__111__money_getIwEE
                0x0002bb0c       0x10 /usr/lib/crti.o
 .rel.data.rel.ro._ZTINSt3__19money_getIwNS_19istreambuf_iteratorIwNS_11char_traitsIwEEEEEE
                0x0002bb1c       0x20 /usr/lib/crti.o
 .rel.data.rel.ro._ZTINSt3__111__money_putIcEE
                0x0002bb3c       0x10 /usr/lib/crti.o
 .rel.data.rel.ro._ZTINSt3__19money_putIcNS_19ostreambuf_iteratorIcNS_11char_traitsIcEEEEEE
                0x0002bb4c       0x20 /usr/lib/crti.o
 .rel.data.rel.ro._ZTINSt3__111__money_putIwEE
                0x0002bb6c       0x10 /usr/lib/crti.o
 .rel.data.rel.ro._ZTINSt3__19money_putIwNS_19ostreambuf_iteratorIwNS_11char_traitsIwEEEEEE
                0x0002bb7c       0x20 /usr/lib/crti.o
 .rel.data.rel.ro._ZTVNSt3__115__time_get_tempIwEE
                0x0002bb9c       0x80 /usr/lib/crti.o
 .rel.data.rel.ro._ZTINSt3__115__time_get_tempIwEE
                0x0002bc1c       0x18 /usr/lib/crti.o
 .rel.data.rel.ro._ZTVNSt3__115__time_get_tempIcEE
                0x0002bc34       0x60 /usr/lib/crti.o
 .rel.data.rel.ro._ZTINSt3__115__time_get_tempIcEE
                0x0002bc94       0x18 /usr/lib/crti.o
 .rel.data.rel.ro._ZTVNSt3__19basic_iosIcNS_11char_traitsIcEEEE
                0x0002bcac       0x18 /usr/lib/crti.o
 .rel.data.rel.ro._ZTVNSt3__19basic_iosIwNS_11char_traitsIwEEEE
                0x0002bcc4       0x18 /usr/lib/crti.o
 .rel.data.rel.ro._ZTTNSt3__113basic_istreamIcNS_11char_traitsIcEEEE
                0x0002bcdc       0x10 /usr/lib/crti.o
 .rel.data.rel.ro._ZTTNSt3__113basic_istreamIwNS_11char_traitsIwEEEE
                0x0002bcec       0x10 /usr/lib/crti.o
 .rel.data.rel.ro._ZTTNSt3__113basic_ostreamIcNS_11char_traitsIcEEEE
                0x0002bcfc       0x10 /usr/lib/crti.o
 .rel.data.rel.ro._ZTTNSt3__113basic_ostreamIwNS_11char_traitsIwEEEE
                0x0002bd0c       0x10 /usr/lib/crti.o
 .rel.data.rel.ro._ZTVNSt3__114basic_iostreamIcNS_11char_traitsIcEEEE
                0x0002bd1c       0x48 /usr/lib/crti.o
 .rel.data.rel.ro._ZTTNSt3__114basic_iostreamIcNS_11char_traitsIcEEEE
                0x0002bd64       0x38 /usr/lib/crti.o
 .rel.data.rel.ro._ZTCNSt3__114basic_iostreamIcNS_11char_traitsIcEEEE0_NS_13basic_istreamIcS2_EE
                0x0002bd9c       0x30 /usr/lib/crti.o
 .rel.data.rel.ro._ZTCNSt3__114basic_iostreamIcNS_11char_traitsIcEEEE8_NS_13basic_ostreamIcS2_EE
                0x0002bdcc       0x30 /usr/lib/crti.o
 *(.rel.data .rel.data.* .rel.gnu.linkonce.d.*)
 .rel.data.rel  0x0002bdfc       0x18 /usr/lib/crti.o
 .rel.data.DW.ref.__gxx_personality_v0
                0x0002be14        0x8 /usr/lib/crti.o
 *(.rel.tdata .rel.tdata.* .rel.gnu.linkonce.td.*)
 *(.rel.tbss .rel.tbss.* .rel.gnu.linkonce.tb.*)
 *(.rel.ctors)
 .rel.ctors     0x0002be1c        0x8 /usr/lib/crti.o
 *(.rel.dtors)
 *(.rel.got)
 .rel.got       0x0002be24      0x730 /usr/lib/crti.o
 *(.rel.bss .rel.bss.* .rel.gnu.linkonce.b.*)
 *(.rel.ifunc)
 .rel.ifunc     0x00000000        0x0 /usr/lib/crti.o
 .rel.eh_frame  0x00000000        0x0 /usr/lib/crti.o

.rel.plt        0x0002c554      0xd80
 *(.rel.plt)
 .rel.plt       0x0002c554      0xd80 /usr/lib/crti.o
 *(.rel.iplt)

.init           0x0002d2e0        0xa
 *(SORT(.init))
 .init          0x0002d2e0        0x3 /usr/lib/crti.o
                0x0002d2e0                _init
 .init          0x0002d2e3        0x5 /usr/lib/crtbeginS.o
 .init          0x0002d2e8        0x2 /usr/lib/crtn.o

.plt            0x0002d2f0     0x1b10
 *(.plt)
 .plt           0x0002d2f0     0x1b10 /usr/lib/crti.o
 *(.iplt)

.text           0x0002ee00    0x6e0d8
                0x0002ee00                PROVIDE (__eprol, .)
 *(.text.unlikely .text.*_unlikely)
 *(.text.exit .text.exit.*)
 *(.text.startup .text.startup.*)
 *(.text.hot .text.hot.*)
 *(.text .stub .text.* .gnu.linkonce.t.*)
 .text          0x0002ee00        0x0 /usr/lib/crti.o
 .text          0x0002ee00       0xef /usr/lib/crtbeginS.o
 *fill*         0x0002eeef        0x1 
 .text          0x0002eef0        0x0 libc++_pic.a(rt_terminate.pico)
 .text._ZSt9terminatev
                0x0002eef0       0x15 libc++_pic.a(rt_terminate.pico)
 *fill*         0x0002ef05        0xb 
 .text          0x0002ef10      0x225 libc++_pic.a(valarray.pico)
                0x0002ef10                std::__1::gslice::__init(unsigned int)
 *fill*         0x0002f135        0xb 
 .text._ZNSt3__18valarrayIjEC2Ej
                0x0002f140       0x6e libc++_pic.a(valarray.pico)
                0x0002f140                std::__1::valarray<unsigned int>::valarray(unsigned int)
 *fill*         0x0002f1ae        0x2 
 .text._ZNSt3__18valarrayIjEC1Ej
                0x0002f1b0       0x6e libc++_pic.a(valarray.pico)
                0x0002f1b0                std::__1::valarray<unsigned int>::valarray(unsigned int)
 *fill*         0x0002f21e        0x2 
 .text._ZNSt3__18valarrayIjE6resizeEjj
                0x0002f220       0x8d libc++_pic.a(valarray.pico)
                0x0002f220                std::__1::valarray<unsigned int>::resize(unsigned int, unsigned int)
 *fill*         0x0002f2ad        0x3 
 .text._ZNSt3__18valarrayIjED2Ev
                0x0002f2b0       0x4d libc++_pic.a(valarray.pico)
                0x0002f2b0                std::__1::valarray<unsigned int>::~valarray()
 *fill*         0x0002f2fd        0x3 
 .text._ZNSt3__18valarrayIjED1Ev
                0x0002f300       0x4d libc++_pic.a(valarray.pico)
                0x0002f300                std::__1::valarray<unsigned int>::~valarray()
 *fill*         0x0002f34d        0x3 
 .text          0x0002f350        0x0 libc++_pic.a(utility.pico)
 .text          0x0002f350     0x1225 libc++_pic.a(strstream.pico)
                0x0002f350                std::__1::strstreambuf::strstreambuf(int)
                0x0002f350                std::__1::strstreambuf::strstreambuf(int)
                0x0002f3e0                std::__1::strstreambuf::strstreambuf(void* (*)(unsigned int), void (*)(void*))
                0x0002f3e0                std::__1::strstreambuf::strstreambuf(void* (*)(unsigned int), void (*)(void*))
                0x0002f470                std::__1::strstreambuf::__init(char*, int, char*)
                0x0002f4e0                std::__1::strstreambuf::strstreambuf(char*, int, char*)
                0x0002f4e0                std::__1::strstreambuf::strstreambuf(char*, int, char*)
                0x0002f5c0                std::__1::strstreambuf::strstreambuf(char const*, int)
                0x0002f5c0                std::__1::strstreambuf::strstreambuf(char const*, int)
                0x0002f670                std::__1::strstreambuf::strstreambuf(signed char*, int, signed char*)
                0x0002f670                std::__1::strstreambuf::strstreambuf(signed char*, int, signed char*)
                0x0002f750                std::__1::strstreambuf::strstreambuf(signed char const*, int)
                0x0002f750                std::__1::strstreambuf::strstreambuf(signed char const*, int)
                0x0002f800                std::__1::strstreambuf::strstreambuf(unsigned char*, int, unsigned char*)
                0x0002f800                std::__1::strstreambuf::strstreambuf(unsigned char*, int, unsigned char*)
                0x0002f8e0                std::__1::strstreambuf::strstreambuf(unsigned char const*, int)
                0x0002f8e0                std::__1::strstreambuf::strstreambuf(unsigned char const*, int)
                0x0002f990                std::__1::strstreambuf::~strstreambuf()
                0x0002f9c0                std::__1::strstreambuf::~strstreambuf()
                0x0002f9c0                std::__1::strstreambuf::~strstreambuf()
                0x0002fa50                std::__1::strstreambuf::swap(std::__1::strstreambuf&)
                0x0002fb50                std::__1::strstreambuf::freeze(bool)
                0x0002fb80                std::__1::strstreambuf::str()
                0x0002fba0                std::__1::strstreambuf::pcount() const
                0x0002fbb0                std::__1::strstreambuf::overflow(int)
                0x0002fcf0                std::__1::strstreambuf::pbackfail(int)
                0x0002fd40                std::__1::strstreambuf::underflow()
                0x0002fd70                std::__1::strstreambuf::seekoff(long long, std::__1::ios_base::seekdir, unsigned int)
                0x0002fee0                std::__1::strstreambuf::seekpos(std::__1::fpos<__mbstate_t>, unsigned int)
                0x00030010                std::__1::istrstream::~istrstream()
                0x00030060                std::__1::istrstream::~istrstream()
                0x000300b0                virtual thunk to std::__1::istrstream::~istrstream()
                0x00030110                std::__1::istrstream::~istrstream()
                0x00030150                virtual thunk to std::__1::istrstream::~istrstream()
                0x000301a0                std::__1::ostrstream::~ostrstream()
                0x000301f0                std::__1::ostrstream::~ostrstream()
                0x00030240                virtual thunk to std::__1::ostrstream::~ostrstream()
                0x000302a0                std::__1::ostrstream::~ostrstream()
                0x000302e0                virtual thunk to std::__1::ostrstream::~ostrstream()
                0x00030330                std::__1::strstream::~strstream()
                0x00030380                std::__1::strstream::~strstream()
                0x000303d0                non-virtual thunk to std::__1::strstream::~strstream()
                0x00030430                virtual thunk to std::__1::strstream::~strstream()
                0x00030490                std::__1::strstream::~strstream()
                0x000304d0                non-virtual thunk to std::__1::strstream::~strstream()
                0x00030520                virtual thunk to std::__1::strstream::~strstream()
 *fill*         0x00030575        0xb 
 .text.__clang_call_terminate
                0x00030580       0x21 libc++_pic.a(strstream.pico)
                0x00030580                __clang_call_terminate
 *fill*         0x000305a1        0xf 
 .text._ZNSt3__115basic_streambufIcNS_11char_traitsIcEEE5imbueERKNS_6localeE
                0x000305b0        0x5 libc++_pic.a(strstream.pico)
                0x000305b0                std::__1::basic_streambuf<char, std::__1::char_traits<char> >::imbue(std::__1::locale const&)
 *fill*         0x000305b5        0xb 
 .text._ZNSt3__115basic_streambufIcNS_11char_traitsIcEEE6setbufEPci
                0x000305c0        0x8 libc++_pic.a(strstream.pico)
                0x000305c0                std::__1::basic_streambuf<char, std::__1::char_traits<char> >::setbuf(char*, int)
 *fill*         0x000305c8        0x8 
 .text._ZNSt3__115basic_streambufIcNS_11char_traitsIcEEE4syncEv
                0x000305d0        0x7 libc++_pic.a(strstream.pico)
                0x000305d0                std::__1::basic_streambuf<char, std::__1::char_traits<char> >::sync()
 *fill*         0x000305d7        0x9 
 .text._ZNSt3__115basic_streambufIcNS_11char_traitsIcEEE9showmanycEv
                0x000305e0        0x7 libc++_pic.a(strstream.pico)
                0x000305e0                std::__1::basic_streambuf<char, std::__1::char_traits<char> >::showmanyc()
 *fill*         0x000305e7        0x9 
 .text._ZNSt3__115basic_streambufIcNS_11char_traitsIcEEE6xsgetnEPci
                0x000305f0       0x7c libc++_pic.a(strstream.pico)
                0x000305f0                std::__1::basic_streambuf<char, std::__1::char_traits<char> >::xsgetn(char*, int)
 *fill*         0x0003066c        0x4 
 .text._ZNSt3__115basic_streambufIcNS_11char_traitsIcEEE5uflowEv
                0x00030670       0x3a libc++_pic.a(strstream.pico)
                0x00030670                std::__1::basic_streambuf<char, std::__1::char_traits<char> >::uflow()
 *fill*         0x000306aa        0x6 
 .text._ZNSt3__115basic_streambufIcNS_11char_traitsIcEEE6xsputnEPKci
                0x000306b0       0x78 libc++_pic.a(strstream.pico)
                0x000306b0                std::__1::basic_streambuf<char, std::__1::char_traits<char> >::xsputn(char const*, int)
 *fill*         0x00030728        0x8 
 .text._ZNSt3__113basic_istreamIcNS_11char_traitsIcEEED1Ev
                0x00030730       0x25 libc++_pic.a(strstream.pico)
                0x00030730                std::__1::basic_istream<char, std::__1::char_traits<char> >::~basic_istream()
 *fill*         0x00030755        0xb 
 .text._ZNSt3__113basic_istreamIcNS_11char_traitsIcEEED0Ev
                0x00030760       0x2c libc++_pic.a(strstream.pico)
                0x00030760                std::__1::basic_istream<char, std::__1::char_traits<char> >::~basic_istream()
 *fill*         0x0003078c        0x4 
 .text._ZTv0_n12_NSt3__113basic_istreamIcNS_11char_traitsIcEEED1Ev
                0x00030790       0x2b libc++_pic.a(strstream.pico)
                0x00030790                virtual thunk to std::__1::basic_istream<char, std::__1::char_traits<char> >::~basic_istream()
 *fill*         0x000307bb        0x5 
 .text._ZTv0_n12_NSt3__113basic_istreamIcNS_11char_traitsIcEEED0Ev
                0x000307c0       0x38 libc++_pic.a(strstream.pico)
                0x000307c0                virtual thunk to std::__1::basic_istream<char, std::__1::char_traits<char> >::~basic_istream()
 *fill*         0x000307f8        0x8 
 .text._ZNSt3__113basic_ostreamIcNS_11char_traitsIcEEED1Ev
                0x00030800       0x25 libc++_pic.a(strstream.pico)
                0x00030800                std::__1::basic_ostream<char, std::__1::char_traits<char> >::~basic_ostream()
 *fill*         0x00030825        0xb 
 .text._ZNSt3__113basic_ostreamIcNS_11char_traitsIcEEED0Ev
                0x00030830       0x2c libc++_pic.a(strstream.pico)
                0x00030830                std::__1::basic_ostream<char, std::__1::char_traits<char> >::~basic_ostream()
 *fill*         0x0003085c        0x4 
 .text._ZTv0_n12_NSt3__113basic_ostreamIcNS_11char_traitsIcEEED1Ev
                0x00030860       0x2b libc++_pic.a(strstream.pico)
                0x00030860                virtual thunk to std::__1::basic_ostream<char, std::__1::char_traits<char> >::~basic_ostream()
 *fill*         0x0003088b        0x5 
 .text._ZTv0_n12_NSt3__113basic_ostreamIcNS_11char_traitsIcEEED0Ev
                0x00030890       0x38 libc++_pic.a(strstream.pico)
                0x00030890                virtual thunk to std::__1::basic_ostream<char, std::__1::char_traits<char> >::~basic_ostream()
 *fill*         0x000308c8        0x8 
 .text._ZNSt3__114basic_iostreamIcNS_11char_traitsIcEEED1Ev
                0x000308d0       0x25 libc++_pic.a(strstream.pico)
                0x000308d0                std::__1::basic_iostream<char, std::__1::char_traits<char> >::~basic_iostream()
 *fill*         0x000308f5        0xb 
 .text._ZNSt3__114basic_iostreamIcNS_11char_traitsIcEEED0Ev
                0x00030900       0x2c libc++_pic.a(strstream.pico)
                0x00030900                std::__1::basic_iostream<char, std::__1::char_traits<char> >::~basic_iostream()
 *fill*         0x0003092c        0x4 
 .text._ZThn8_NSt3__114basic_iostreamIcNS_11char_traitsIcEEED1Ev
                0x00030930       0x25 libc++_pic.a(strstream.pico)
                0x00030930                non-virtual thunk to std::__1::basic_iostream<char, std::__1::char_traits<char> >::~basic_iostream()
 *fill*         0x00030955        0xb 
 .text._ZThn8_NSt3__114basic_iostreamIcNS_11char_traitsIcEEED0Ev
                0x00030960       0x32 libc++_pic.a(strstream.pico)
                0x00030960                non-virtual thunk to std::__1::basic_iostream<char, std::__1::char_traits<char> >::~basic_iostream()
 *fill*         0x00030992        0xe 
 .text._ZTv0_n12_NSt3__114basic_iostreamIcNS_11char_traitsIcEEED1Ev
                0x000309a0       0x2b libc++_pic.a(strstream.pico)
                0x000309a0                virtual thunk to std::__1::basic_iostream<char, std::__1::char_traits<char> >::~basic_iostream()
 *fill*         0x000309cb        0x5 
 .text._ZTv0_n12_NSt3__114basic_iostreamIcNS_11char_traitsIcEEED0Ev
                0x000309d0       0x38 libc++_pic.a(strstream.pico)
                0x000309d0                virtual thunk to std::__1::basic_iostream<char, std::__1::char_traits<char> >::~basic_iostream()
 *fill*         0x00030a08        0x8 
 .text._ZNSt3__115basic_streambufIcNS_11char_traitsIcEEED2Ev
                0x00030a10       0x30 libc++_pic.a(strstream.pico)
                0x00030a10                std::__1::basic_streambuf<char, std::__1::char_traits<char> >::~basic_streambuf()
 .text._ZNSt3__115basic_streambufIcNS_11char_traitsIcEEED0Ev
                0x00030a40       0x37 libc++_pic.a(strstream.pico)
                0x00030a40                std::__1::basic_streambuf<char, std::__1::char_traits<char> >::~basic_streambuf()
 *fill*         0x00030a77        0x9 
 .text._ZNSt3__115basic_streambufIcNS_11char_traitsIcEEE7seekoffExNS_8ios_base7seekdirEj
                0x00030a80       0x2b libc++_pic.a(strstream.pico)
                0x00030a80                std::__1::basic_streambuf<char, std::__1::char_traits<char> >::seekoff(long long, std::__1::ios_base::seekdir, unsigned int)
 *fill*         0x00030aab        0x5 
 .text._ZNSt3__115basic_streambufIcNS_11char_traitsIcEEE7seekposENS_4fposI11__mbstate_tEEj
                0x00030ab0       0x2b libc++_pic.a(strstream.pico)
                0x00030ab0                std::__1::basic_streambuf<char, std::__1::char_traits<char> >::seekpos(std::__1::fpos<__mbstate_t>, unsigned int)
 *fill*         0x00030adb        0x5 
 .text._ZNSt3__115basic_streambufIcNS_11char_traitsIcEEE9underflowEv
                0x00030ae0        0xa libc++_pic.a(strstream.pico)
                0x00030ae0                std::__1::basic_streambuf<char, std::__1::char_traits<char> >::underflow()
 *fill*         0x00030aea        0x6 
 .text._ZNSt3__115basic_streambufIcNS_11char_traitsIcEEE9pbackfailEi
                0x00030af0        0xa libc++_pic.a(strstream.pico)
                0x00030af0                std::__1::basic_streambuf<char, std::__1::char_traits<char> >::pbackfail(int)
 *fill*         0x00030afa        0x6 
 .text._ZNSt3__115basic_streambufIcNS_11char_traitsIcEEE8overflowEi
                0x00030b00        0xa libc++_pic.a(strstream.pico)
                0x00030b00                std::__1::basic_streambuf<char, std::__1::char_traits<char> >::overflow(int)
 *fill*         0x00030b0a        0x6 
 .text          0x00030b10     0x3b3e libc++_pic.a(string.pico)
                0x00030b10                std::__1::stoi(std::__1::basic_string<char, std::__1::char_traits<char>, std::__1::allocator<char> > const&, unsigned int*, int)
                0x00030b70                std::__1::stoi(std::__1::basic_string<wchar_t, std::__1::char_traits<wchar_t>, std::__1::allocator<wchar_t> > const&, unsigned int*, int)
                0x00030bd0                std::__1::stol(std::__1::basic_string<char, std::__1::char_traits<char>, std::__1::allocator<char> > const&, unsigned int*, int)
                0x00030c30                std::__1::stol(std::__1::basic_string<wchar_t, std::__1::char_traits<wchar_t>, std::__1::allocator<wchar_t> > const&, unsigned int*, int)
                0x00030c90                std::__1::stoul(std::__1::basic_string<char, std::__1::char_traits<char>, std::__1::allocator<char> > const&, unsigned int*, int)
                0x00030e50                std::__1::stoul(std::__1::basic_string<wchar_t, std::__1::char_traits<wchar_t>, std::__1::allocator<wchar_t> > const&, unsigned int*, int)
                0x00031010                std::__1::stoll(std::__1::basic_string<char, std::__1::char_traits<char>, std::__1::allocator<char> > const&, unsigned int*, int)
                0x000311d0                std::__1::stoll(std::__1::basic_string<wchar_t, std::__1::char_traits<wchar_t>, std::__1::allocator<wchar_t> > const&, unsigned int*, int)
                0x00031390                std::__1::stoull(std::__1::basic_string<char, std::__1::char_traits<char>, std::__1::allocator<char> > const&, unsigned int*, int)
                0x00031550                std::__1::stoull(std::__1::basic_string<wchar_t, std::__1::char_traits<wchar_t>, std::__1::allocator<wchar_t> > const&, unsigned int*, int)
                0x00031720                std::__1::stof(std::__1::basic_string<char, std::__1::char_traits<char>, std::__1::allocator<char> > const&, unsigned int*)
                0x000318d0                std::__1::stof(std::__1::basic_string<wchar_t, std::__1::char_traits<wchar_t>, std::__1::allocator<wchar_t> > const&, unsigned int*)
                0x00031a80                std::__1::stod(std::__1::basic_string<char, std::__1::char_traits<char>, std::__1::allocator<char> > const&, unsigned int*)
                0x00031c30                std::__1::stod(std::__1::basic_string<wchar_t, std::__1::char_traits<wchar_t>, std::__1::allocator<wchar_t> > const&, unsigned int*)
                0x00031de0                std::__1::stold(std::__1::basic_string<char, std::__1::char_traits<char>, std::__1::allocator<char> > const&, unsigned int*)
                0x00031f90                std::__1::stold(std::__1::basic_string<wchar_t, std::__1::char_traits<wchar_t>, std::__1::allocator<wchar_t> > const&, unsigned int*)
                0x00032140                std::__1::to_string(int)
                0x00032310                std::__1::to_string(unsigned int)
                0x000324e0                std::__1::to_string(long)
                0x000326b0                std::__1::to_string(unsigned long)
                0x00032880                std::__1::to_string(long long)
                0x00032a60                std::__1::to_string(unsigned long long)
                0x00032c40                std::__1::to_string(float)
                0x00032e10                std::__1::to_string(double)
                0x00032fe0                std::__1::to_string(long double)
                0x000331b0                std::__1::to_wstring(int)
                0x00033390                std::__1::to_wstring(unsigned int)
                0x00033570                std::__1::to_wstring(long)
                0x00033750                std::__1::to_wstring(unsigned long)
                0x00033930                std::__1::to_wstring(long long)
                0x00033b10                std::__1::to_wstring(unsigned long long)
                0x00033cf0                std::__1::to_wstring(float)
                0x00033f00                std::__1::to_wstring(double)
                0x00034110                std::__1::to_wstring(long double)
 *fill*         0x0003464e        0x2 
 .text._ZNKSt3__121__basic_string_commonILb1EE20__throw_length_errorEv
                0x00034650       0x6e libc++_pic.a(string.pico)
                0x00034650                std::__1::__basic_string_common<true>::__throw_length_error() const
 *fill*         0x000346be        0x2 
 .text._ZNKSt3__121__basic_string_commonILb1EE20__throw_out_of_rangeEv
                0x000346c0       0x6e libc++_pic.a(string.pico)
                0x000346c0                std::__1::__basic_string_common<true>::__throw_out_of_range() const
 *fill*         0x0003472e        0x2 
 .text._ZNSt3__112basic_stringIcNS_11char_traitsIcEENS_9allocatorIcEEEC2Ev
                0x00034730       0x1c libc++_pic.a(string.pico)
                0x00034730                std::__1::basic_string<char, std::__1::char_traits<char>, std::__1::allocator<char> >::basic_string()
 *fill*         0x0003474c        0x4 
 .text._ZNSt3__112basic_stringIcNS_11char_traitsIcEENS_9allocatorIcEEEC1Ev
                0x00034750       0x1c libc++_pic.a(string.pico)
                0x00034750                std::__1::basic_string<char, std::__1::char_traits<char>, std::__1::allocator<char> >::basic_string()
 *fill*         0x0003476c        0x4 
 .text._ZNSt3__112basic_stringIcNS_11char_traitsIcEENS_9allocatorIcEEE6__zeroEv
                0x00034770       0x1c libc++_pic.a(string.pico)
                0x00034770                std::__1::basic_string<char, std::__1::char_traits<char>, std::__1::allocator<char> >::__zero()
 *fill*         0x0003478c        0x4 
 .text._ZNSt3__112basic_stringIcNS_11char_traitsIcEENS_9allocatorIcEEEC2ERKS4_
                0x00034790       0x1c libc++_pic.a(string.pico)
                0x00034790                std::__1::basic_string<char, std::__1::char_traits<char>, std::__1::allocator<char> >::basic_string(std::__1::allocator<char> const&)
 *fill*         0x000347ac        0x4 
 .text._ZNSt3__112basic_stringIcNS_11char_traitsIcEENS_9allocatorIcEEEC1ERKS4_
                0x000347b0       0x1c libc++_pic.a(string.pico)
                0x000347b0                std::__1::basic_string<char, std::__1::char_traits<char>, std::__1::allocator<char> >::basic_string(std::__1::allocator<char> const&)
 *fill*         0x000347cc        0x4 
 .text._ZNSt3__112basic_stringIcNS_11char_traitsIcEENS_9allocatorIcEEEC2ERKS5_
                0x000347d0       0x95 libc++_pic.a(string.pico)
                0x000347d0                std::__1::basic_string<char, std::__1::char_traits<char>, std::__1::allocator<char> >::basic_string(std::__1::basic_string<char, std::__1::char_traits<char>, std::__1::allocator<char> > const&)
 *fill*         0x00034865        0xb 
 .text._ZNSt3__112basic_stringIcNS_11char_traitsIcEENS_9allocatorIcEEEC1ERKS5_
                0x00034870       0x95 libc++_pic.a(string.pico)
                0x00034870                std::__1::basic_string<char, std::__1::char_traits<char>, std::__1::allocator<char> >::basic_string(std::__1::basic_string<char, std::__1::char_traits<char>, std::__1::allocator<char> > const&)
 *fill*         0x00034905        0xb 
 .text._ZNKSt3__112basic_stringIcNS_11char_traitsIcEENS_9allocatorIcEEE7__allocEv
                0x00034910        0x8 libc++_pic.a(string.pico)
                0x00034910                std::__1::basic_string<char, std::__1::char_traits<char>, std::__1::allocator<char> >::__alloc() const
 *fill*         0x00034918        0x8 
 .text._ZNKSt3__112basic_stringIcNS_11char_traitsIcEENS_9allocatorIcEEE9__is_longEv
                0x00034920        0xe libc++_pic.a(string.pico)
                0x00034920                std::__1::basic_string<char, std::__1::char_traits<char>, std::__1::allocator<char> >::__is_long() const
 *fill*         0x0003492e        0x2 
 .text._ZNSt3__112basic_stringIcNS_11char_traitsIcEENS_9allocatorIcEEE6__initEPKcj
                0x00034930       0x78 libc++_pic.a(string.pico)
                0x00034930                std::__1::basic_string<char, std::__1::char_traits<char>, std::__1::allocator<char> >::__init(char const*, unsigned int)
 *fill*         0x000349a8        0x8 
 .text._ZNKSt3__112basic_stringIcNS_11char_traitsIcEENS_9allocatorIcEEE18__get_long_pointerEv
                0x000349b0        0xb libc++_pic.a(string.pico)
                0x000349b0                std::__1::basic_string<char, std::__1::char_traits<char>, std::__1::allocator<char> >::__get_long_pointer() const
 *fill*         0x000349bb        0x5 
 .text._ZNKSt3__112basic_stringIcNS_11char_traitsIcEENS_9allocatorIcEEE15__get_long_sizeEv
                0x000349c0        0xb libc++_pic.a(string.pico)
                0x000349c0                std::__1::basic_string<char, std::__1::char_traits<char>, std::__1::allocator<char> >::__get_long_size() const
 *fill*         0x000349cb        0x5 
 .text._ZNSt3__112basic_stringIcNS_11char_traitsIcEENS_9allocatorIcEEEC2ERKS5_RKS4_
                0x000349d0       0x95 libc++_pic.a(string.pico)
                0x000349d0                std::__1::basic_string<char, std::__1::char_traits<char>, std::__1::allocator<char> >::basic_string(std::__1::basic_string<char, std::__1::char_traits<char>, std::__1::allocator<char> > const&, std::__1::allocator<char> const&)
 *fill*         0x00034a65        0xb 
 .text._ZNSt3__112basic_stringIcNS_11char_traitsIcEENS_9allocatorIcEEEC1ERKS5_RKS4_
                0x00034a70       0x95 libc++_pic.a(string.pico)
                0x00034a70                std::__1::basic_string<char, std::__1::char_traits<char>, std::__1::allocator<char> >::basic_string(std::__1::basic_string<char, std::__1::char_traits<char>, std::__1::allocator<char> > const&, std::__1::allocator<char> const&)
 *fill*         0x00034b05        0xb 
 .text._ZNSt3__112basic_stringIcNS_11char_traitsIcEENS_9allocatorIcEEEC2EOS5_
                0x00034b10       0x31 libc++_pic.a(string.pico)
                0x00034b10                std::__1::basic_string<char, std::__1::char_traits<char>, std::__1::allocator<char> >::basic_string(std::__1::basic_string<char, std::__1::char_traits<char>, std::__1::allocator<char> >&&)
 *fill*         0x00034b41        0xf 
 .text._ZNSt3__112basic_stringIcNS_11char_traitsIcEENS_9allocatorIcEEEC1EOS5_
                0x00034b50       0x31 libc++_pic.a(string.pico)
                0x00034b50                std::__1::basic_string<char, std::__1::char_traits<char>, std::__1::allocator<char> >::basic_string(std::__1::basic_string<char, std::__1::char_traits<char>, std::__1::allocator<char> >&&)
 *fill*         0x00034b81        0xf 
 .text._ZNSt3__112basic_stringIcNS_11char_traitsIcEENS_9allocatorIcEEEC2EOS5_RKS4_
                0x00034b90       0x31 libc++_pic.a(string.pico)
                0x00034b90                std::__1::basic_string<char, std::__1::char_traits<char>, std::__1::allocator<char> >::basic_string(std::__1::basic_string<char, std::__1::char_traits<char>, std::__1::allocator<char> >&&, std::__1::allocator<char> const&)
 *fill*         0x00034bc1        0xf 
 .text._ZNSt3__112basic_stringIcNS_11char_traitsIcEENS_9allocatorIcEEEC1EOS5_RKS4_
                0x00034bd0       0x31 libc++_pic.a(string.pico)
                0x00034bd0                std::__1::basic_string<char, std::__1::char_traits<char>, std::__1::allocator<char> >::basic_string(std::__1::basic_string<char, std::__1::char_traits<char>, std::__1::allocator<char> >&&, std::__1::allocator<char> const&)
 *fill*         0x00034c01        0xf 
 .text._ZNSt3__112basic_stringIcNS_11char_traitsIcEENS_9allocatorIcEEE7__allocEv
                0x00034c10        0x8 libc++_pic.a(string.pico)
                0x00034c10                std::__1::basic_string<char, std::__1::char_traits<char>, std::__1::allocator<char> >::__alloc()
 *fill*         0x00034c18        0x8 
 .text._ZNSt3__112basic_stringIcNS_11char_traitsIcEENS_9allocatorIcEEE18__get_long_pointerEv
                0x00034c20        0xb libc++_pic.a(string.pico)
                0x00034c20                std::__1::basic_string<char, std::__1::char_traits<char>, std::__1::allocator<char> >::__get_long_pointer()
 *fill*         0x00034c2b        0x5 
 .text._ZNSt3__112basic_stringIcNS_11char_traitsIcEENS_9allocatorIcEEEC2EPKc
                0x00034c30       0x7f libc++_pic.a(string.pico)
                0x00034c30                std::__1::basic_string<char, std::__1::char_traits<char>, std::__1::allocator<char> >::basic_string(char const*)
 *fill*         0x00034caf        0x1 
 .text._ZNSt3__112basic_stringIcNS_11char_traitsIcEENS_9allocatorIcEEEC1EPKc
                0x00034cb0       0x7f libc++_pic.a(string.pico)
                0x00034cb0                std::__1::basic_string<char, std::__1::char_traits<char>, std::__1::allocator<char> >::basic_string(char const*)
 *fill*         0x00034d2f        0x1 
 .text._ZNSt3__112basic_stringIcNS_11char_traitsIcEENS_9allocatorIcEEEC2EPKcRKS4_
                0x00034d30       0x7f libc++_pic.a(string.pico)
                0x00034d30                std::__1::basic_string<char, std::__1::char_traits<char>, std::__1::allocator<char> >::basic_string(char const*, std::__1::allocator<char> const&)
 *fill*         0x00034daf        0x1 
 .text._ZNSt3__112basic_stringIcNS_11char_traitsIcEENS_9allocatorIcEEEC1EPKcRKS4_
                0x00034db0       0x7f libc++_pic.a(string.pico)
                0x00034db0                std::__1::basic_string<char, std::__1::char_traits<char>, std::__1::allocator<char> >::basic_string(char const*, std::__1::allocator<char> const&)
 *fill*         0x00034e2f        0x1 
 .text._ZNSt3__112basic_stringIcNS_11char_traitsIcEENS_9allocatorIcEEEC2EPKcj
                0x00034e30       0x78 libc++_pic.a(string.pico)
                0x00034e30                std::__1::basic_string<char, std::__1::char_traits<char>, std::__1::allocator<char> >::basic_string(char const*, unsigned int)
 *fill*         0x00034ea8        0x8 
 .text._ZNSt3__112basic_stringIcNS_11char_traitsIcEENS_9allocatorIcEEEC1EPKcj
                0x00034eb0       0x78 libc++_pic.a(string.pico)
                0x00034eb0                std::__1::basic_string<char, std::__1::char_traits<char>, std::__1::allocator<char> >::basic_string(char const*, unsigned int)
 *fill*         0x00034f28        0x8 
 .text._ZNSt3__112basic_stringIcNS_11char_traitsIcEENS_9allocatorIcEEEC2EPKcjRKS4_
                0x00034f30       0x78 libc++_pic.a(string.pico)
                0x00034f30                std::__1::basic_string<char, std::__1::char_traits<char>, std::__1::allocator<char> >::basic_string(char const*, unsigned int, std::__1::allocator<char> const&)
 *fill*         0x00034fa8        0x8 
 .text._ZNSt3__112basic_stringIcNS_11char_traitsIcEENS_9allocatorIcEEEC1EPKcjRKS4_
                0x00034fb0       0x78 libc++_pic.a(string.pico)
                0x00034fb0                std::__1::basic_string<char, std::__1::char_traits<char>, std::__1::allocator<char> >::basic_string(char const*, unsigned int, std::__1::allocator<char> const&)
 *fill*         0x00035028        0x8 
 .text._ZNSt3__112basic_stringIcNS_11char_traitsIcEENS_9allocatorIcEEEC2Ejc
                0x00035030       0x7b libc++_pic.a(string.pico)
                0x00035030                std::__1::basic_string<char, std::__1::char_traits<char>, std::__1::allocator<char> >::basic_string(unsigned int, char)
 *fill*         0x000350ab        0x5 
 .text._ZNSt3__112basic_stringIcNS_11char_traitsIcEENS_9allocatorIcEEEC1Ejc
                0x000350b0       0x7b libc++_pic.a(string.pico)
                0x000350b0                std::__1::basic_string<char, std::__1::char_traits<char>, std::__1::allocator<char> >::basic_string(unsigned int, char)
 *fill*         0x0003512b        0x5 
 .text._ZNSt3__112basic_stringIcNS_11char_traitsIcEENS_9allocatorIcEEE6__initEjc
                0x00035130       0x7b libc++_pic.a(string.pico)
                0x00035130                std::__1::basic_string<char, std::__1::char_traits<char>, std::__1::allocator<char> >::__init(unsigned int, char)
 *fill*         0x000351ab        0x5 
 .text._ZNSt3__112basic_stringIcNS_11char_traitsIcEENS_9allocatorIcEEEC2EjcRKS4_
                0x000351b0       0x7b libc++_pic.a(string.pico)
                0x000351b0                std::__1::basic_string<char, std::__1::char_traits<char>, std::__1::allocator<char> >::basic_string(unsigned int, char, std::__1::allocator<char> const&)
 *fill*         0x0003522b        0x5 
 .text._ZNSt3__112basic_stringIcNS_11char_traitsIcEENS_9allocatorIcEEEC1EjcRKS4_
                0x00035230       0x7b libc++_pic.a(string.pico)
                0x00035230                std::__1::basic_string<char, std::__1::char_traits<char>, std::__1::allocator<char> >::basic_string(unsigned int, char, std::__1::allocator<char> const&)
 *fill*         0x000352ab        0x5 
 .text._ZNSt3__112basic_stringIcNS_11char_traitsIcEENS_9allocatorIcEEEC2ERKS5_jjRKS4_
                0x000352b0       0xb4 libc++_pic.a(string.pico)
                0x000352b0                std::__1::basic_string<char, std::__1::char_traits<char>, std::__1::allocator<char> >::basic_string(std::__1::basic_string<char, std::__1::char_traits<char>, std::__1::allocator<char> > const&, unsigned int, unsigned int, std::__1::allocator<char> const&)
 *fill*         0x00035364        0xc 
 .text._ZNSt3__112basic_stringIcNS_11char_traitsIcEENS_9allocatorIcEEEC1ERKS5_jjRKS4_
                0x00035370       0x18 libc++_pic.a(string.pico)
                0x00035370                std::__1::basic_string<char, std::__1::char_traits<char>, std::__1::allocator<char> >::basic_string(std::__1::basic_string<char, std::__1::char_traits<char>, std::__1::allocator<char> > const&, unsigned int, unsigned int, std::__1::allocator<char> const&)
 *fill*         0x00035388        0x8 
 .text._ZNKSt3__112basic_stringIcNS_11char_traitsIcEENS_9allocatorIcEEE4sizeEv
                0x00035390       0x16 libc++_pic.a(string.pico)
                0x00035390                std::__1::basic_string<char, std::__1::char_traits<char>, std::__1::allocator<char> >::size() const
 *fill*         0x000353a6        0xa 
 .text._ZNKSt3__112basic_stringIcNS_11char_traitsIcEENS_9allocatorIcEEE4dataEv
                0x000353b0       0x13 libc++_pic.a(string.pico)
                0x000353b0                std::__1::basic_string<char, std::__1::char_traits<char>, std::__1::allocator<char> >::data() const
 *fill*         0x000353c3        0xd 
 .text._ZNSt3__112basic_stringIcNS_11char_traitsIcEENS_9allocatorIcEEEC2ESt16initializer_listIcE
                0x000353d0       0x7e libc++_pic.a(string.pico)
                0x000353d0                std::__1::basic_string<char, std::__1::char_traits<char>, std::__1::allocator<char> >::basic_string(std::initializer_list<char>)
 *fill*         0x0003544e        0x2 
 .text._ZNSt3__112basic_stringIcNS_11char_traitsIcEENS_9allocatorIcEEEC1ESt16initializer_listIcE
                0x00035450       0x7e libc++_pic.a(string.pico)
                0x00035450                std::__1::basic_string<char, std::__1::char_traits<char>, std::__1::allocator<char> >::basic_string(std::initializer_list<char>)
 *fill*         0x000354ce        0x2 
 .text._ZNSt3__112basic_stringIcNS_11char_traitsIcEENS_9allocatorIcEEEC2ESt16initializer_listIcERKS4_
                0x000354d0       0x7e libc++_pic.a(string.pico)
                0x000354d0                std::__1::basic_string<char, std::__1::char_traits<char>, std::__1::allocator<char> >::basic_string(std::initializer_list<char>, std::__1::allocator<char> const&)
 *fill*         0x0003554e        0x2 
 .text._ZNSt3__112basic_stringIcNS_11char_traitsIcEENS_9allocatorIcEEEC1ESt16initializer_listIcERKS4_
                0x00035550       0x7e libc++_pic.a(string.pico)
                0x00035550                std::__1::basic_string<char, std::__1::char_traits<char>, std::__1::allocator<char> >::basic_string(std::initializer_list<char>, std::__1::allocator<char> const&)
 *fill*         0x000355ce        0x2 
 .text._ZNSt3__112basic_stringIcNS_11char_traitsIcEENS_9allocatorIcEEED2Ev
                0x000355d0       0x2a libc++_pic.a(string.pico)
                0x000355d0                std::__1::basic_string<char, std::__1::char_traits<char>, std::__1::allocator<char> >::~basic_string()
 *fill*         0x000355fa        0x6 
 .text._ZNSt3__112basic_stringIcNS_11char_traitsIcEENS_9allocatorIcEEED1Ev
                0x00035600       0x2a libc++_pic.a(string.pico)
                0x00035600                std::__1::basic_string<char, std::__1::char_traits<char>, std::__1::allocator<char> >::~basic_string()
 *fill*         0x0003562a        0x6 
 .text._ZNKSt3__112basic_stringIcNS_11char_traitsIcEENS_9allocatorIcEEE14__get_long_capEv
                0x00035630        0xd libc++_pic.a(string.pico)
                0x00035630                std::__1::basic_string<char, std::__1::char_traits<char>, std::__1::allocator<char> >::__get_long_cap() const
 *fill*         0x0003563d        0x3 
 .text._ZNSt3__112basic_stringIcNS_11char_traitsIcEENS_9allocatorIcEEEaSERKS5_
                0x00035640       0x4a libc++_pic.a(string.pico)
                0x00035640                std::__1::basic_string<char, std::__1::char_traits<char>, std::__1::allocator<char> >::operator=(std::__1::basic_string<char, std::__1::char_traits<char>, std::__1::allocator<char> > const&)
 *fill*         0x0003568a        0x6 
 .text._ZNSt3__112basic_stringIcNS_11char_traitsIcEENS_9allocatorIcEEE19__copy_assign_allocERKS5_
                0x00035690        0x5 libc++_pic.a(string.pico)
                0x00035690                std::__1::basic_string<char, std::__1::char_traits<char>, std::__1::allocator<char> >::__copy_assign_alloc(std::__1::basic_string<char, std::__1::char_traits<char>, std::__1::allocator<char> > const&)
 *fill*         0x00035695        0xb 
 .text._ZNSt3__112basic_stringIcNS_11char_traitsIcEENS_9allocatorIcEEE6assignERKS5_
                0x000356a0       0x42 libc++_pic.a(string.pico)
                0x000356a0                std::__1::basic_string<char, std::__1::char_traits<char>, std::__1::allocator<char> >::assign(std::__1::basic_string<char, std::__1::char_traits<char>, std::__1::allocator<char> > const&)
 *fill*         0x000356e2        0xe 
 .text._ZNSt3__112basic_stringIcNS_11char_traitsIcEENS_9allocatorIcEEEaSEOS5_
                0x000356f0       0x7a libc++_pic.a(string.pico)
                0x000356f0                std::__1::basic_string<char, std::__1::char_traits<char>, std::__1::allocator<char> >::operator=(std::__1::basic_string<char, std::__1::char_traits<char>, std::__1::allocator<char> >&&)
 *fill*         0x0003576a        0x6 
 .text._ZNSt3__112basic_stringIcNS_11char_traitsIcEENS_9allocatorIcEEE13__move_assignERS5_NS_17integral_constantIbLb1EEE
                0x00035770       0x78 libc++_pic.a(string.pico)
                0x00035770                std::__1::basic_string<char, std::__1::char_traits<char>, std::__1::allocator<char> >::__move_assign(std::__1::basic_string<char, std::__1::char_traits<char>, std::__1::allocator<char> >&, std::__1::integral_constant<bool, true>)
 *fill*         0x000357e8        0x8 
 .text._ZNSt3__112basic_stringIcNS_11char_traitsIcEENS_9allocatorIcEEEaSEPKc
                0x000357f0       0x3b libc++_pic.a(string.pico)
                0x000357f0                std::__1::basic_string<char, std::__1::char_traits<char>, std::__1::allocator<char> >::operator=(char const*)
 *fill*         0x0003582b        0x5 
 .text._ZNSt3__112basic_stringIcNS_11char_traitsIcEENS_9allocatorIcEEE6assignEPKc
                0x00035830       0x3b libc++_pic.a(string.pico)
                0x00035830                std::__1::basic_string<char, std::__1::char_traits<char>, std::__1::allocator<char> >::assign(char const*)
 *fill*         0x0003586b        0x5 
 .text._ZNSt3__112basic_stringIcNS_11char_traitsIcEENS_9allocatorIcEEEaSEc
                0x00035870       0x28 libc++_pic.a(string.pico)
                0x00035870                std::__1::basic_string<char, std::__1::char_traits<char>, std::__1::allocator<char> >::operator=(char)
 *fill*         0x00035898        0x8 
 .text._ZNSt3__112basic_stringIcNS_11char_traitsIcEENS_9allocatorIcEEE15__set_long_sizeEj
                0x000358a0        0xe libc++_pic.a(string.pico)
                0x000358a0                std::__1::basic_string<char, std::__1::char_traits<char>, std::__1::allocator<char> >::__set_long_size(unsigned int)
 *fill*         0x000358ae        0x2 
 .text._ZNSt3__112basic_stringIcNS_11char_traitsIcEENS_9allocatorIcEEE19__get_short_pointerEv
                0x000358b0        0x9 libc++_pic.a(string.pico)
                0x000358b0                std::__1::basic_string<char, std::__1::char_traits<char>, std::__1::allocator<char> >::__get_short_pointer()
 *fill*         0x000358b9        0x7 
 .text._ZNSt3__112basic_stringIcNS_11char_traitsIcEENS_9allocatorIcEEE16__set_short_sizeEj
                0x000358c0        0xf libc++_pic.a(string.pico)
                0x000358c0                std::__1::basic_string<char, std::__1::char_traits<char>, std::__1::allocator<char> >::__set_short_size(unsigned int)
 *fill*         0x000358cf        0x1 
 .text._ZNSt3__112basic_stringIcNS_11char_traitsIcEENS_9allocatorIcEEE27__invalidate_iterators_pastEj
                0x000358d0        0x5 libc++_pic.a(string.pico)
                0x000358d0                std::__1::basic_string<char, std::__1::char_traits<char>, std::__1::allocator<char> >::__invalidate_iterators_past(unsigned int)
 *fill*         0x000358d5        0xb 
 .text._ZNSt3__112basic_stringIcNS_11char_traitsIcEENS_9allocatorIcEEEaSESt16initializer_listIcE
                0x000358e0       0x32 libc++_pic.a(string.pico)
                0x000358e0                std::__1::basic_string<char, std::__1::char_traits<char>, std::__1::allocator<char> >::operator=(std::initializer_list<char>)
 *fill*         0x00035912        0xe 
 .text._ZNSt3__112basic_stringIcNS_11char_traitsIcEENS_9allocatorIcEEE6assignEPKcj
                0x00035920       0xb8 libc++_pic.a(string.pico)
                0x00035920                std::__1::basic_string<char, std::__1::char_traits<char>, std::__1::allocator<char> >::assign(char const*, unsigned int)
 *fill*         0x000359d8        0x8 
 .text._ZNSt3__112basic_stringIcNS_11char_traitsIcEENS_9allocatorIcEEE5beginEv
                0x000359e0       0x1a libc++_pic.a(string.pico)
                0x000359e0                std::__1::basic_string<char, std::__1::char_traits<char>, std::__1::allocator<char> >::begin()
 *fill*         0x000359fa        0x6 
 .text._ZNSt3__112basic_stringIcNS_11char_traitsIcEENS_9allocatorIcEEE13__get_pointerEv
                0x00035a00       0x13 libc++_pic.a(string.pico)
                0x00035a00                std::__1::basic_string<char, std::__1::char_traits<char>, std::__1::allocator<char> >::__get_pointer()
 *fill*         0x00035a13        0xd 
 .text._ZNKSt3__112basic_stringIcNS_11char_traitsIcEENS_9allocatorIcEEE5beginEv
                0x00035a20       0x1a libc++_pic.a(string.pico)
                0x00035a20                std::__1::basic_string<char, std::__1::char_traits<char>, std::__1::allocator<char> >::begin() const
 *fill*         0x00035a3a        0x6 
 .text._ZNKSt3__112basic_stringIcNS_11char_traitsIcEENS_9allocatorIcEEE13__get_pointerEv
                0x00035a40       0x13 libc++_pic.a(string.pico)
                0x00035a40                std::__1::basic_string<char, std::__1::char_traits<char>, std::__1::allocator<char> >::__get_pointer() const
 *fill*         0x00035a53        0xd 
 .text._ZNSt3__112basic_stringIcNS_11char_traitsIcEENS_9allocatorIcEEE3endEv
                0x00035a60       0x24 libc++_pic.a(string.pico)
                0x00035a60                std::__1::basic_string<char, std::__1::char_traits<char>, std::__1::allocator<char> >::end()
 *fill*         0x00035a84        0xc 
 .text._ZNKSt3__112basic_stringIcNS_11char_traitsIcEENS_9allocatorIcEEE3endEv
                0x00035a90       0x24 libc++_pic.a(string.pico)
                0x00035a90                std::__1::basic_string<char, std::__1::char_traits<char>, std::__1::allocator<char> >::end() const
 *fill*         0x00035ab4        0xc 
 .text._ZNSt3__112basic_stringIcNS_11char_traitsIcEENS_9allocatorIcEEE6rbeginEv
                0x00035ac0       0x27 libc++_pic.a(string.pico)
                0x00035ac0                std::__1::basic_string<char, std::__1::char_traits<char>, std::__1::allocator<char> >::rbegin()
 *fill*         0x00035ae7        0x9 
 .text._ZNKSt3__112basic_stringIcNS_11char_traitsIcEENS_9allocatorIcEEE6rbeginEv
                0x00035af0       0x27 libc++_pic.a(string.pico)
                0x00035af0                std::__1::basic_string<char, std::__1::char_traits<char>, std::__1::allocator<char> >::rbegin() const
 *fill*         0x00035b17        0x9 
 .text._ZNSt3__112basic_stringIcNS_11char_traitsIcEENS_9allocatorIcEEE4rendEv
                0x00035b20       0x1d libc++_pic.a(string.pico)
                0x00035b20                std::__1::basic_string<char, std::__1::char_traits<char>, std::__1::allocator<char> >::rend()
 *fill*         0x00035b3d        0x3 
 .text._ZNKSt3__112basic_stringIcNS_11char_traitsIcEENS_9allocatorIcEEE4rendEv
                0x00035b40       0x1d libc++_pic.a(string.pico)
                0x00035b40                std::__1::basic_string<char, std::__1::char_traits<char>, std::__1::allocator<char> >::rend() const
 *fill*         0x00035b5d        0x3 
 .text._ZNKSt3__112basic_stringIcNS_11char_traitsIcEENS_9allocatorIcEEE6cbeginEv
                0x00035b60       0x1a libc++_pic.a(string.pico)
                0x00035b60                std::__1::basic_string<char, std::__1::char_traits<char>, std::__1::allocator<char> >::cbegin() const
 *fill*         0x00035b7a        0x6 
 .text._ZNKSt3__112basic_stringIcNS_11char_traitsIcEENS_9allocatorIcEEE4cendEv
                0x00035b80       0x24 libc++_pic.a(string.pico)
                0x00035b80                std::__1::basic_string<char, std::__1::char_traits<char>, std::__1::allocator<char> >::cend() const
 *fill*         0x00035ba4        0xc 
 .text._ZNKSt3__112basic_stringIcNS_11char_traitsIcEENS_9allocatorIcEEE7crbeginEv
                0x00035bb0       0x27 libc++_pic.a(string.pico)
                0x00035bb0                std::__1::basic_string<char, std::__1::char_traits<char>, std::__1::allocator<char> >::crbegin() const
 *fill*         0x00035bd7        0x9 
 .text._ZNKSt3__112basic_stringIcNS_11char_traitsIcEENS_9allocatorIcEEE5crendEv