Archive member included because of file (symbol)

h_initfini3_dso_pic.a(h_initfini3_dso.pico)
                              (--whole-archive)
h_initfini3_dso_pic.a(h_initfini_align.pico)
                              (--whole-archive)

Discarded input sections

 .group         0x00000000        0x8 h_initfini3_dso_pic.a(h_initfini3_dso.pico)
 .group         0x00000000        0x8 h_initfini3_dso_pic.a(h_initfini3_dso.pico)
 .group         0x00000000        0x8 h_initfini3_dso_pic.a(h_initfini3_dso.pico)
 .group         0x00000000        0x8 h_initfini3_dso_pic.a(h_initfini3_dso.pico)
 .group         0x00000000        0x8 h_initfini3_dso_pic.a(h_initfini3_dso.pico)
 .note.GNU-stack
                0x00000000        0x0 h_initfini3_dso_pic.a(h_initfini3_dso.pico)

Memory Configuration

Name             Origin             Length             Attributes
*default*        0x00000000         0xffffffff

Linker script and memory map

LOAD /usr/lib/crti.o
LOAD /usr/lib/crtbeginS.o
LOAD h_initfini3_dso_pic.a
LOAD /usr/lib/libc++.so
LOAD /usr/lib/libm.so
LOAD /usr/lib/libmthread.so
LOAD /usr/lib/libc.so
LOAD /usr/lib/crtendS.o
LOAD /usr/lib/crtn.o
                0x000000f4                . = (0x0 + SIZEOF_HEADERS)

.note.gnu.build-id
 *(.note.gnu.build-id)

.hash           0x000000f4       0x9c
 *(.hash)
 .hash          0x000000f4       0x9c /usr/lib/crti.o

.gnu.hash
 *(.gnu.hash)

.dynsym         0x00000190      0x140
 *(.dynsym)
 .dynsym        0x00000190      0x140 /usr/lib/crti.o

.dynstr         0x000002d0      0x15e
 *(.dynstr)
 .dynstr        0x000002d0      0x15e /usr/lib/crti.o

.gnu.version    0x0000042e        0x0
 *(.gnu.version)
 .gnu.version   0x00000000        0x0 /usr/lib/crti.o

.gnu.version_d  0x00000430        0x0
 *(.gnu.version_d)
 .gnu.version_d
                0x00000000        0x0 /usr/lib/crti.o

.gnu.version_r  0x00000430        0x0
 *(.gnu.version_r)
 .gnu.version_r
                0x00000000        0x0 /usr/lib/crti.o

.rel.dyn        0x00000430       0x68
 *(.rel.init)
 *(.rel.text .rel.text.* .rel.gnu.linkonce.t.*)
 *(.rel.fini)
 *(.rel.rodata .rel.rodata.* .rel.gnu.linkonce.r.*)
 *(.rel.data.rel.ro .rel.data.rel.ro.* .rel.gnu.linkonce.d.rel.ro.*)
 *(.rel.data .rel.data.* .rel.gnu.linkonce.d.*)
 .rel.data.rel  0x00000430        0x8 /usr/lib/crti.o
 *(.rel.tdata .rel.tdata.* .rel.gnu.linkonce.td.*)
 *(.rel.tbss .rel.tbss.* .rel.gnu.linkonce.tb.*)
 *(.rel.ctors)
 .rel.ctors     0x00000438        0x8 /usr/lib/crti.o
 *(.rel.dtors)
 *(.rel.got)
 .rel.got       0x00000440       0x58 /usr/lib/crti.o
 *(.rel.bss .rel.bss.* .rel.gnu.linkonce.b.*)
 *(.rel.ifunc)
 .rel.ifunc     0x00000000        0x0 /usr/lib/crti.o

.rel.plt        0x00000498       0x40
 *(.rel.plt)
 .rel.plt       0x00000498       0x40 /usr/lib/crti.o
 *(.rel.iplt)

.init           0x000004e0        0xa
 *(SORT(.init))
 .init          0x000004e0        0x3 /usr/lib/crti.o
                0x000004e0                _init
 .init          0x000004e3        0x5 /usr/lib/crtbeginS.o
 .init          0x000004e8        0x2 /usr/lib/crtn.o

.plt            0x000004f0       0x90
 *(.plt)
 .plt           0x000004f0       0x90 /usr/lib/crti.o
 *(.iplt)

.text           0x00000580      0x1fc
                0x00000580                PROVIDE (__eprol, .)
 *(.text.unlikely .text.*_unlikely)
 *(.text.exit .text.exit.*)
 *(.text.startup .text.startup.*)
 *(.text.hot .text.hot.*)
 *(.text .stub .text.* .gnu.linkonce.t.*)
 .text          0x00000580        0x0 /usr/lib/crti.o
 .text          0x00000580       0xef /usr/lib/crtbeginS.o
 *fill*         0x0000066f        0x1 
 .text          0x00000670       0x8c h_initfini3_dso_pic.a(h_initfini3_dso.pico)
 *fill*         0x000006fc        0x4 
 .text._ZN5Test2D2Ev
                0x00000700       0x6a h_initfini3_dso_pic.a(h_initfini3_dso.pico)
                0x00000700                Test2::~Test2()
 *fill*         0x0000076a        0x6 
 .text          0x00000770        0xc h_initfini3_dso_pic.a(h_initfini_align.pico)
                0x00000770                check_stack_alignment
 .text          0x0000077c        0x0 /usr/lib/crtendS.o
 .text          0x0000077c        0x0 /usr/lib/crtn.o
 *(.gnu.warning)

.fini           0x00000780        0xa
 *(SORT(.fini))
 .fini          0x00000780        0x3 /usr/lib/crti.o
                0x00000780                _fini
 .fini          0x00000783        0x5 /usr/lib/crtbeginS.o
 .fini          0x00000788        0x2 /usr/lib/crtn.o
                0x0000078a                PROVIDE (__etext, .)
                0x0000078a                PROVIDE (_etext, .)
                0x0000078a                PROVIDE (etext, .)

.rodata         0x0000078a       0x51
 *(.rodata .rodata.* .gnu.linkonce.r.*)
 .rodata._ZZN5Test2D1EvE3msg
                0x0000078a       0x16 h_initfini3_dso_pic.a(h_initfini3_dso.pico)
                0x0000078a                Test2::~Test2()::msg
 .rodata._ZZN5Test2D1EvE4msg2
                0x000007a0       0x12 h_initfini3_dso_pic.a(h_initfini3_dso.pico)
                0x000007a0                Test2::~Test2()::msg2
 .rodata._ZZN5Test2C1EvE3msg
                0x000007b2       0x17 h_initfini3_dso_pic.a(h_initfini3_dso.pico)
                0x000007b2                Test2::Test2()::msg
 .rodata._ZZN5Test2C1EvE4msg2
                0x000007c9       0x12 h_initfini3_dso_pic.a(h_initfini3_dso.pico)
                0x000007c9                Test2::Test2()::msg2

.rodata1
 *(.rodata1)

.eh_frame_hdr   0x000007dc       0x24
 *(.eh_frame_hdr)
 .eh_frame_hdr  0x000007dc       0x24 h_initfini3_dso_pic.a(h_initfini3_dso.pico)

.eh_frame       0x00000800       0x78
 *(.eh_frame)
 .eh_frame      0x00000800       0x3c /usr/lib/crti.o
                                 0x40 (size before relaxing)
 .eh_frame      0x0000083c        0x0 /usr/lib/crtbeginS.o
 .eh_frame      0x0000083c       0x38 h_initfini3_dso_pic.a(h_initfini3_dso.pico)
                                 0x50 (size before relaxing)
 .eh_frame      0x00000874        0x4 /usr/lib/crtendS.o

.note.minix.ident
                0x00000878       0x18
 .note.minix.ident
                0x00000878       0x18 /usr/lib/crti.o

.note.netbsd.pax
                0x00000890       0x14
 .note.netbsd.pax
                0x00000890       0x14 /usr/lib/crti.o

.gcc_except_table
 *(.gcc_except_table .gcc_except_table.*)

.exception_ranges
 *(.exception_ranges .exception_ranges*)
                0x000008a4                . = (ALIGN (0x1000) - ((0x1000 - .) & 0xfff))
                0x000018a4                . = DATA_SEGMENT_ALIGN (0x1000, 0x1000)

.eh_frame
 *(.eh_frame)

.gcc_except_table
 *(.gcc_except_table .gcc_except_table.*)

.exception_ranges
 *(.exception_ranges .exception_ranges*)

.tdata
 *(.tdata .tdata.* .gnu.linkonce.td.*)

.tbss
 *(.tbss .tbss.* .gnu.linkonce.tb.*)
 *(.tcommon)

.preinit_array
 *(.preinit_array)

.init_array
 *(SORT(.init_array.*))
 *(.init_array)

.fini_array
 *(SORT(.fini_array.*))
 *(.fini_array)

.ctors          0x000018a4        0xc
 *crtbegin.o(.ctors)
 *crtbegin?.o(.ctors)
 .ctors         0x000018a4        0x4 /usr/lib/crtbeginS.o
 *(EXCLUDE_FILE(*crtend?.o *crtend.o) .ctors)
 .ctors         0x000018a8        0x4 h_initfini3_dso_pic.a(h_initfini3_dso.pico)
 *(SORT(.ctors.*))
 *(.ctors)
 .ctors         0x000018ac        0x4 /usr/lib/crtendS.o
                0x000018ac                __CTOR_LIST_END__

.dtors          0x000018b0        0x8
 *crtbegin.o(.dtors)
 *crtbegin?.o(.dtors)
 .dtors         0x000018b0        0x4 /usr/lib/crtbeginS.o
 *(EXCLUDE_FILE(*crtend?.o *crtend.o) .dtors)
 *(SORT(.dtors.*))
 *(.dtors)
 .dtors         0x000018b4        0x4 /usr/lib/crtendS.o

.jcr            0x000018b8        0x4
 *(.jcr)
 .jcr           0x000018b8        0x0 /usr/lib/crtbeginS.o
 .jcr           0x000018b8        0x4 /usr/lib/crtendS.o

.data.rel.ro
 *(.data.rel.ro.local* .gnu.linkonce.d.rel.ro.local.*)
 *(.data.rel.ro .data.rel.ro.* .gnu.linkonce.d.rel.ro.*)

.dynamic        0x000018bc       0xd0
 *(.dynamic)
 .dynamic       0x000018bc       0xd0 /usr/lib/crti.o
                0x000018bc                _DYNAMIC

.got            0x0000198c       0x2c
 *(.got)
 .got           0x0000198c       0x2c /usr/lib/crti.o
 *(.igot)
                0x000019b8                . = DATA_SEGMENT_RELRO_END (., (SIZEOF (.got.plt) >= 0xc)?0xc:0x0)

.got.plt        0x000019b8       0x2c
 *(.got.plt)
 .got.plt       0x000019b8       0x2c /usr/lib/crti.o
                0x000019b8                _GLOBAL_OFFSET_TABLE_
 *(.igot.plt)

.data           0x000019e4       0x28
 *(.data .data.* .gnu.linkonce.d.*)
 .data          0x000019e4        0x0 /usr/lib/crti.o
 .data          0x000019e4        0x0 /usr/lib/crtbeginS.o
 .data.rel      0x000019e4       0x26 /usr/lib/crtbeginS.o
                0x000019e4                __dso_handle
 *fill*         0x00001a0a        0x2 
 .data          0x00001a0c        0x0 h_initfini3_dso_pic.a(h_initfini3_dso.pico)
 .data          0x00001a0c        0x0 h_initfini3_dso_pic.a(h_initfini_align.pico)
 .data          0x00001a0c        0x0 /usr/lib/crtendS.o
 .data          0x00001a0c        0x0 /usr/lib/crtn.o

.data1
 *(.data1)
                0x00001a0c                _edata = .
                0x00001a0c                PROVIDE (edata, .)
                0x00001a0c                . = .
                0x00001a0c                __bss_start = .

.bss            0x00001a0c        0x4
 *(.dynbss)
 .dynbss        0x00000000        0x0 /usr/lib/crti.o
 *(.bss .bss.* .gnu.linkonce.b.*)
 .bss           0x00001a0c        0x0 /usr/lib/crti.o
 .bss           0x00001a0c        0x0 /usr/lib/crtbeginS.o
 .bss           0x00001a0c        0x1 h_initfini3_dso_pic.a(h_initfini3_dso.pico)
                0x00001a0c                test2
 *fill*         0x00001a0d        0x3 
 .bss           0x00001a10        0x0 h_initfini3_dso_pic.a(h_initfini_align.pico)
 .bss           0x00001a10        0x0 /usr/lib/crtendS.o
 .bss           0x00001a10        0x0 /usr/lib/crtn.o
 *(COMMON)
                0x00001a10                . = ALIGN ((. != 0x0)?0x4:0x1)
                0x00001a10                . = ALIGN (0x4)
                0x00001a10                . = ALIGN (0x4)
                0x00001a10                _end = .
                0x00001a10                PROVIDE (end, .)
                0x00001a10                . = DATA_SEGMENT_END (.)

.stab
 *(.stab)

.stabstr
 *(.stabstr)

.stab.excl
 *(.stab.excl)

.stab.exclstr
 *(.stab.exclstr)

.stab.index
 *(.stab.index)

.stab.indexstr
 *(.stab.indexstr)

.comment        0x00000000       0x28
 *(.comment)
 .comment       0x00000000       0x28 h_initfini3_dso_pic.a(h_initfini3_dso.pico)
                                 0x29 (size before relaxing)

.ident          0x00000000      0x120
 .ident         0x00000000       0x36 /usr/lib/crti.o
 .ident         0x00000036       0x3a /usr/lib/crtbeginS.o
 .ident         0x00000070       0x42 h_initfini3_dso_pic.a(h_initfini_align.pico)
 .ident         0x000000b2       0x38 /usr/lib/crtendS.o
 .ident         0x000000ea       0x36 /usr/lib/crtn.o

.debug
 *(.debug)

.line
 *(.line)

.debug_srcinfo
 *(.debug_srcinfo)

.debug_sfnames
 *(.debug_sfnames)

.debug_aranges
 *(.debug_aranges)

.debug_pubnames
 *(.debug_pubnames)

.debug_info
 *(.debug_info .gnu.linkonce.wi.*)

.debug_abbrev
 *(.debug_abbrev)

.debug_line
 *(.debug_line)

.debug_frame
 *(.debug_frame)

.debug_str
 *(.debug_str)

.debug_loc
 *(.debug_loc)

.debug_macinfo
 *(.debug_macinfo)

.debug_weaknames
 *(.debug_weaknames)

.debug_funcnames
 *(.debug_funcnames)

.debug_typenames
 *(.debug_typenames)

.debug_varnames
 *(.debug_varnames)

.debug_pubtypes
 *(.debug_pubtypes)

.debug_ranges
 *(.debug_ranges)

.debug_macro
 *(.debug_macro)

.gnu.attributes
 *(.gnu.attributes)

/DISCARD/
 *(.note.GNU-stack)
 *(.gnu_debuglink)
 *(.gnu.lto_*)
OUTPUT(h_initfini3_dso.so.1 elf32-i386-minix)
